
[1m[46m RUN [49m[22m [36mv4.0.17 [39m[90mC:/Users/migue/Github/BYD-Stats/byd-stats[39m

[90mstderr[2m | src/hooks/__tests__/useLocalStorage.test.ts[2m > [22m[2museLocalStorage[2m > [22m[2mhandles JSON parse errors gracefully
[22m[39m[ERROR] Error reading localStorage key "test-key": SyntaxError: Unexpected token 'i', "invalid-json" is not valid JSON
    at JSON.parse (<anonymous>)
    at C:/Users/migue/Github/BYD-Stats/byd-stats/src/hooks/useLocalStorage.ts:62:32
    at mountStateImpl [90m(C:\Users\migue\Github\BYD-Stats\byd-stats\[39mnode_modules\[4mreact-dom[24m\cjs\react-dom-client.development.js:8268:24[90m)[39m
    at mountState [90m(C:\Users\migue\Github\BYD-Stats\byd-stats\[39mnode_modules\[4mreact-dom[24m\cjs\react-dom-client.development.js:8289:22[90m)[39m
    at Object.useState [90m(C:\Users\migue\Github\BYD-Stats\byd-stats\[39mnode_modules\[4mreact-dom[24m\cjs\react-dom-client.development.js:26243:18[90m)[39m
    at process.env.NODE_ENV.exports.useState [90m(C:\Users\migue\Github\BYD-Stats\byd-stats\[39mnode_modules\[4mreact[24m\cjs\react.development.js:1263:34[90m)[39m
    at useLocalStorage (C:/Users/migue/Github/BYD-Stats/byd-stats/src/hooks/useLocalStorage.ts:59:43)
    at C:/Users/migue/Github/BYD-Stats/byd-stats/src/hooks/__tests__/useLocalStorage.test.ts:88:45
    at TestComponent [90m(C:\Users\migue\Github\BYD-Stats\byd-stats\[39mnode_modules\[4m@testing-library[24m\react\dist\pure.js:330:27[90m)[39m
    at Object.react_stack_bottom_frame [90m(C:\Users\migue\Github\BYD-Stats\byd-stats\[39mnode_modules\[4mreact-dom[24m\cjs\react-dom-client.development.js:25904:20[90m)[39m

 [32m✓[39m src/hooks/__tests__/useLocalStorage.test.ts [2m([22m[2m7 tests[22m[2m)[22m[32m 35[2mms[22m[39m

[2m Test Files [22m [1m[32m1 passed[39m[22m[90m (1)[39m
[2m      Tests [22m [1m[32m7 passed[39m[22m[90m (7)[39m
[2m   Start at [22m 22:15:40
[2m   Duration [22m 1.18s[2m (transform 67ms, setup 200ms, import 47ms, tests 35ms, environment 741ms)[22m

