src/App.tsx(40,5): error TS6133: 'exportDatabase' is declared but its value is never read.
src/App.tsx(41,5): error TS6133: 'clearData' is declared but its value is never read.
src/App.tsx(42,5): error TS6133: 'loadChargeRegistry' is declared but its value is never read.
src/App.tsx(61,5): error TS6133: 'selectedCharge' is declared but its value is never read.
src/App.tsx(190,9): error TS2322: Type 'string | null' is not assignable to type 'string | undefined'.
  Type 'null' is not assignable to type 'string | undefined'.
src/components/FaqContent.tsx(1,8): error TS6133: 'React' is declared but its value is never read.
src/components/FaqContent.tsx(3,51): error TS6133: 'Mail' is declared but its value is never read.
src/components/FaqContent.tsx(5,20): error TS7031: Binding element 'question' implicitly has an 'any' type.
src/components/FaqContent.tsx(5,30): error TS7031: Binding element 'children' implicitly has an 'any' type.
src/components/FlagIcons.tsx(1,1): error TS6133: 'React' is declared but its value is never read.
src/components/FlagIcons.tsx(3,31): error TS7031: Binding element 'className' implicitly has an 'any' type.
src/components/FlagIcons.tsx(10,33): error TS7031: Binding element 'className' implicitly has an 'any' type.
src/components/FlagIcons.tsx(20,30): error TS7031: Binding element 'className' implicitly has an 'any' type.
src/components/FlagIcons.tsx(30,29): error TS7031: Binding element 'className' implicitly has an 'any' type.
src/components/FlagIcons.tsx(37,26): error TS7031: Binding element 'className' implicitly has an 'any' type.
src/components/FlagIcons.tsx(47,32): error TS7031: Binding element 'className' implicitly has an 'any' type.
src/components/GlobalListeners.tsx(8,28): error TS7031: Binding element 'activeTab' implicitly has an 'any' type.
src/components/GlobalListeners.tsx(21,9): error TS6133: 'openModal' is declared but its value is never read.
src/components/GlobalListeners.tsx(92,88): error TS18046: 'err' is of type 'unknown'.
src/components/layout/BottomNavigation.tsx(1,8): error TS6133: 'React' is declared but its value is never read.
src/components/layout/BottomNavigation.tsx(3,34): error TS2339: Property 'tabs' does not exist on type '{}'.
src/components/layout/BottomNavigation.tsx(3,40): error TS2339: Property 'activeTab' does not exist on type '{}'.
src/components/layout/BottomNavigation.tsx(3,51): error TS2339: Property 'handleTabClick' does not exist on type '{}'.
src/components/layout/BottomNavigation.tsx(8,32): error TS7006: Parameter 't' implicitly has an 'any' type.
src/components/layout/DesktopSidebar.tsx(1,8): error TS6133: 'React' is declared but its value is never read.
src/components/layout/LandingFooter.tsx(1,8): error TS6133: 'React' is declared but its value is never read.
src/components/layout/MainLayout.tsx(1,8): error TS6133: 'React' is declared but its value is never read.
src/components/layout/MainLayout.tsx(3,28): error TS2339: Property 'children' does not exist on type '{}'.
src/components/layout/TabsManager.tsx(99,30): error TS6133: 'tabId' is declared but its value is never read.
src/components/layout/TabsManager.tsx(180,49): error TS2322: Type 'number' is not assignable to type 'string'.
src/components/layout/TabsManager.tsx(238,53): error TS2322: Type 'number' is not assignable to type 'string'.
src/components/layout/TabsManager.tsx(239,53): error TS2322: Type 'number' is not assignable to type 'string'.
src/components/layout/TabsManager.tsx(240,53): error TS2322: Type 'number' is not assignable to type 'string'.
src/components/layout/TabsManager.tsx(311,37): error TS2322: Type 'number' is not assignable to type 'string'.
src/components/layout/TabsManager.tsx(364,37): error TS2322: Type 'number' is not assignable to type 'string'.
src/components/layout/TabsManager.tsx(365,37): error TS2322: Type 'number' is not assignable to type 'string'.
src/components/layout/TabsManager.tsx(366,37): error TS2322: Type 'number' is not assignable to type 'string'.
src/components/LegalContent.tsx(1,1): error TS6133: 'React' is declared but its value is never read.
src/components/LegalContent.tsx(3,10): error TS6133: 'Shield' is declared but its value is never read.
src/components/modals/ChargingInsightsModal.tsx(32,5): error TS6133: 'trips' is declared but its value is never read.
src/components/modals/TripDetailModal.tsx(26,12): error TS6133: 'loadingPoints' is declared but its value is never read.
src/components/PWAManager.tsx(1,8): error TS6133: 'React' is declared but its value is never read.
src/components/PWAManager.tsx(7,19): error TS7031: Binding element 'className' implicitly has an 'any' type.
src/components/PWAManager.tsx(15,22): error TS7031: Binding element 'className' implicitly has an 'any' type.
src/components/PWAManager.tsx(23,31): error TS2307: Cannot find module 'virtual:pwa-register/react' or its corresponding type declarations.
src/components/PWAManager.tsx(44,34): error TS2339: Property 'standalone' does not exist on type 'Navigator'.
src/components/PWAManager.tsx(59,38): error TS6133: 'setOfflineReady' is declared but its value is never read.
src/components/PWAManager.tsx(60,36): error TS6133: 'setNeedRefresh' is declared but its value is never read.
src/components/PWAManager.tsx(63,24): error TS6133: 'r' is declared but its value is never read.
src/components/PWAManager.tsx(63,24): error TS7006: Parameter 'r' implicitly has an 'any' type.
src/components/PWAManager.tsx(65,25): error TS7006: Parameter 'error' implicitly has an 'any' type.
src/components/PWAManager.tsx(89,38): error TS7006: Parameter 'e' implicitly has an 'any' type.
src/components/PWAManager.tsx(96,20): error TS2339: Property 'deferredPrompt' does not exist on type 'Window & typeof globalThis'.
src/components/PWAManager.tsx(97,38): error TS2339: Property 'deferredPrompt' does not exist on type 'Window & typeof globalThis'.
src/components/PWAManager.tsx(99,20): error TS2339: Property 'deferredPrompt' does not exist on type 'Window & typeof globalThis'.
src/components/PWAManager.tsx(110,24): error TS2339: Property 'prompt' does not exist on type 'never'.
src/components/PWAManager.tsx(111,50): error TS2339: Property 'userChoice' does not exist on type 'never'.
src/components/ThemeManager.tsx(12,29): error TS7006: Parameter 'isDark' implicitly has an 'any' type.
src/components/ThemeManager.tsx(28,33): error TS2339: Property 'name' does not exist on type 'Element'.
src/components/ThemeManager.tsx(32,29): error TS2339: Property 'content' does not exist on type 'Element'.
src/components/ThemeManager.tsx(45,28): error TS7006: Parameter 'e' implicitly has an 'any' type.
src/components/ThemeManager.tsx(57,30): error TS7006: Parameter 'e' implicitly has an 'any' type.
src/features/dashboard/DesktopDashboardView.tsx(29,5): error TS2339: Property 'activeTab' does not exist on type '{}'.
src/features/dashboard/DesktopDashboardView.tsx(30,5): error TS2339: Property 'tabs' does not exist on type '{}'.
src/features/dashboard/DesktopDashboardView.tsx(31,5): error TS2339: Property 'fadingTab' does not exist on type '{}'.
src/features/dashboard/DesktopDashboardView.tsx(32,5): error TS2339: Property 'backgroundLoad' does not exist on type '{}'.
src/features/dashboard/DesktopDashboardView.tsx(33,5): error TS2339: Property 'onTripSelect' does not exist on type '{}'.
src/features/dashboard/DesktopDashboardView.tsx(34,5): error TS2339: Property 'onChargeSelect' does not exist on type '{}'.
src/features/dashboard/DesktopDashboardView.tsx(63,27): error TS7006: Parameter 'tab' implicitly has an 'any' type.
src/features/dashboard/DesktopDashboardView.tsx(72,41): error TS2322: Type 'Summary | undefined' is not assignable to type 'Summary | null'.
  Type 'undefined' is not assignable to type 'Summary | null'.
src/features/dashboard/DesktopDashboardView.tsx(73,41): error TS2322: Type 'MonthlyData[] | undefined' is not assignable to type 'MonthlyData[]'.
  Type 'undefined' is not assignable to type 'MonthlyData[]'.
src/features/dashboard/DesktopDashboardView.tsx(74,41): error TS2322: Type '{ range: string; count: number; color: string; }[] | undefined' is not assignable to type 'any[]'.
  Type 'undefined' is not assignable to type 'any[]'.
src/features/dashboard/DesktopDashboardView.tsx(98,41): error TS2322: Type 'Summary | undefined' is not assignable to type 'Summary | null'.
  Type 'undefined' is not assignable to type 'Summary | null'.
src/features/dashboard/DesktopDashboardView.tsx(99,41): error TS2322: Type 'MonthlyData[] | undefined' is not assignable to type 'MonthlyData[]'.
  Type 'undefined' is not assignable to type 'MonthlyData[]'.
src/features/dashboard/DesktopDashboardView.tsx(100,41): error TS2322: Type 'DailyData[] | undefined' is not assignable to type 'DailyData[]'.
  Type 'undefined' is not assignable to type 'DailyData[]'.
src/features/dashboard/DesktopDashboardView.tsx(110,41): error TS2322: Type '{ day: string; trips: number; km: number; }[] | undefined' is not assignable to type '{ day: string; trips: number; km: number; }[]'.
  Type 'undefined' is not assignable to type '{ day: string; trips: number; km: number; }[]'.
src/features/dashboard/DesktopDashboardView.tsx(111,41): error TS2322: Type '{ hour: number; trips: number; km: number; }[] | undefined' is not assignable to type '{ hour: number; trips: number; km: number; }[]'.
  Type 'undefined' is not assignable to type '{ hour: number; trips: number; km: number; }[]'.
src/features/dashboard/DesktopDashboardView.tsx(112,41): error TS2322: Type 'Summary | undefined' is not assignable to type 'Summary | null'.
  Type 'undefined' is not assignable to type 'Summary | null'.
src/features/dashboard/DesktopDashboardView.tsx(113,41): error TS2322: Type 'string' is not assignable to type 'number'.
src/features/dashboard/DesktopDashboardView.tsx(122,41): error TS2322: Type 'Summary | undefined' is not assignable to type 'Summary | null'.
  Type 'undefined' is not assignable to type 'Summary | null'.
src/features/dashboard/DesktopDashboardView.tsx(123,41): error TS2322: Type 'MonthlyData[] | undefined' is not assignable to type 'MonthlyData[]'.
  Type 'undefined' is not assignable to type 'MonthlyData[]'.
src/features/dashboard/DesktopDashboardView.tsx(124,41): error TS2322: Type '{ x: number; y: number; fuel: number; }[] | undefined' is not assignable to type '{ x: number; y: number; fuel: number; }[]'.
  Type 'undefined' is not assignable to type '{ x: number; y: number; fuel: number; }[]'.
src/features/dashboard/DesktopDashboardView.tsx(133,41): error TS2322: Type 'Summary | undefined' is not assignable to type 'Summary | null'.
  Type 'undefined' is not assignable to type 'Summary | null'.
src/features/dashboard/DesktopDashboardView.tsx(134,41): error TS2322: Type '{ km: Trip[]; kwh: Trip[]; dur: Trip[]; fuel: Trip[]; } | undefined' is not assignable to type '{ km: Trip[]; kwh: Trip[]; dur: Trip[]; fuel?: Trip[] | undefined; }'.
  Type 'undefined' is not assignable to type '{ km: Trip[]; kwh: Trip[]; dur: Trip[]; fuel?: Trip[] | undefined; }'.
src/features/dashboard/MobileDashboardView.tsx(66,30): error TS6133: 'tabId' is declared but its value is never read.
src/features/dashboard/MobileDashboardView.tsx(158,61): error TS2322: Type '((trip: Trip) => void) | undefined' is not assignable to type '(trip: Trip) => void'.
  Type 'undefined' is not assignable to type '(trip: Trip) => void'.
src/features/dashboard/MobileDashboardView.tsx(186,61): error TS2322: Type 'string' is not assignable to type 'number'.
src/features/dashboard/tabs/OverviewContent.tsx(12,32): error TS6133: 'TrendingUp' is declared but its value is never read.
src/features/navigation/TabNavigation.tsx(1,8): error TS6133: 'React' is declared but its value is never read.
src/hooks/useAppData.ts(179,126): error TS2554: Expected 4-5 arguments, but got 3.
src/hooks/useAppOrchestrator.ts(3,1): error TS6133: 'toast' is declared but its value is never read.
src/hooks/useAppOrchestrator.ts(5,1): error TS6133: 'logger' is declared but its value is never read.
src/hooks/useAppOrchestrator.ts(33,9): error TS6133: 'replaceCharges' is declared but its value is never read.
src/hooks/useAppOrchestrator.ts(34,9): error TS6133: 'addCharge' is declared but its value is never read.
src/hooks/useAppOrchestrator.ts(35,9): error TS6133: 'deleteCharge' is declared but its value is never read.
src/hooks/useAppOrchestrator.ts(56,9): error TS6133: 'setEditingCharge' is declared but its value is never read.
src/hooks/useDatabase.ts(3,33): error TS6133: 'useMemo' is declared but its value is never read.
src/hooks/useDatabase.ts(87,56): error TS6133: 'index' is declared but its value is never read.
src/main.tsx(1,1): error TS6133: 'StrictMode' is declared but its value is never read.
src/main.tsx(9,12): error TS2345: Argument of type 'HTMLElement | null' is not assignable to parameter of type 'Container'.
  Type 'null' is not assignable to type 'Container'.
src/pages/FaqPage.tsx(1,1): error TS6192: All imports in import declaration are unused.
src/pages/LandingPage.tsx(1,8): error TS6133: 'React' is declared but its value is never read.
src/pages/LandingPage.tsx(13,5): error TS7031: Binding element 'isCompact' implicitly has an 'any' type.
src/pages/LandingPage.tsx(14,5): error TS7031: Binding element 'sqlReady' implicitly has an 'any' type.
src/pages/LandingPage.tsx(15,5): error TS7031: Binding element 'error' implicitly has an 'any' type.
src/pages/LandingPage.tsx(16,5): error TS7031: Binding element 'googleSync' implicitly has an 'any' type.
src/pages/LandingPage.tsx(17,5): error TS7031: Binding element 'isNative' implicitly has an 'any' type.
src/pages/LandingPage.tsx(18,5): error TS7031: Binding element 'onFileProcess' implicitly has an 'any' type.
src/pages/LandingPage.tsx(23,37): error TS7006: Parameter 'e' implicitly has an 'any' type.
src/pages/LandingPage.tsx(37,43): error TS7006: Parameter 'e' implicitly has an 'any' type.
src/routes/AppRoutes.tsx(1,8): error TS6133: 'React' is declared but its value is never read.
src/services/AnomalyService.ts(220,50): error TS6133: 'settings' is declared but its value is never read.
