02-26 16:52:32.089 19104 19104 I View    : setRequestedFrameRate frameRate=-4.0, this=com.getcapacitor.CapacitorWebView{dce823f VFEDHVC.. .F...... 0,0-1440,3088 #7f0900ee app:id/webview aid=1073741824}, caller=android.view.ViewGroup.setRequestedFrameRate:9952 WV.rf.p:1 WV.rg.h:118 WV.rg.onDraw:7 com.android.webview.chromium.WebViewChromium.onDraw:19 
02-26 16:52:32.090  4893  4893 I HoneySpace.EdgePanel.ActivityUtils: HomePackage : app.lawnchair.play, resumePackageName : com.google.android.gms, className : com.google.android.gms.auth.api.credentials.assistedsignin.ui.GoogleSignInActivity
02-26 16:52:32.090 19104 19104 I InsetsSourceConsumer: applyRequestedVisibilityToControl: visible=true, type=statusBars, host=com.bydstats.app/com.bydstats.app.MainActivity
02-26 16:52:32.090  3490  3536 I DisplayDeviceRepository: Display device changed render timings: "Pantalla integrada", renderFrameRate=120.00001, presentationDeadlineNanos=9233333, appVsyncOffsetNanos=8333333, frameRateOverrides=[{uid=1000 frameRateHz=120.00001}, {uid=10041 frameRateHz=120.00001}, {uid=10141 frameRateHz=120.00001}, {uid=10491 frameRateHz=120.00001}, {uid=10562 frameRateHz=120.00001}]
02-26 16:52:32.090 19104 19104 I InsetsSourceConsumer: applyRequestedVisibilityToControl: visible=true, type=navigationBars, host=com.bydstats.app/com.bydstats.app.MainActivity
02-26 16:52:32.090  6731 11872 I Routine@Core[4.9.04.13]: Pref: putSharedPrefsData: key=condition_launch_app_data_resume_pkg, data.size=208
02-26 16:52:32.099  3490  3537 D SurfaceComposerClient: setCornerRadius ## 9a9672d com.bydstats.app/com.bydstats.app.MainActivity#196679 cornerRadius=0.000000
02-26 16:52:32.100  3490  3534 D SGM:GameManager: identifyForegroundApp. com.bydstats.app, mCurrentUserId: 0, callerUserId: 0
02-26 16:52:32.100  3490  3534 D SGM:GameManager: identifyForegroundApp. com.bydstats.app, mCurrentUserId: 0, callerUserId: 0
02-26 16:52:32.101 16512 16568 I Rubin   : [558] A8.b.A(Unknown Source) : Notify com.samsung.android.rubin.inferenceengine.contextanalytics.engine.loggers.AppUsageLogger's database is updated.
02-26 16:52:32.102 13857 13893 W Adreno-AppProfiles: Could not find QSPM HAL service. Skipping adreno profile processing.
02-26 16:52:32.102  3490  4362 D SGM:GameManager: identifyForegroundApp. com.bydstats.app, mCurrentUserId: 0, callerUserId: 0
02-26 16:52:32.102 24790 24790 I GoogleInputMethodService: GoogleInputMethodService.onStartInput():1384 onStartInput(EditorInfo{EditorInfo{packageName=com.android.credentialmanager, inputType=0, inputTypeString=NULL, enableLearning=false, autoCorrection=false, autoComplete=false, imeOptions=0, privateImeOptions=null, actionName=UNSPECIFIED, actionLabel=null, initialSelStart=-1, initialSelEnd=-1, initialCapsMode=0, label=null, fieldId=0, fieldName=null, extras=Bundle[{appShowRequested=false, isTextEditor=false, displayId=0}], hintText=null, hintLocales=[]}}, false)
02-26 16:52:32.104  3490  3537 D SurfaceComposerClient: setCornerRadius ## 9a9672d com.bydstats.app/com.bydstats.app.MainActivity#196679 cornerRadius=0.000000
02-26 16:52:32.106 13857 13857 I WindowManager: WindowManagerGlobal#addView, ty=2, view=com.android.internal.policy.DecorView{3e48abb V.E...... R.....I. 0,0-0,0}[GoogleSignInActivity], caller=android.view.WindowManagerImpl.addView:158 android.app.Dialog.show:540 dg.onStart:11 
02-26 16:52:32.106  3490  6168 W PackageConfigPersister: App-specific configuration not found for packageName: com.android.credentialmanager and userId: 0
02-26 16:52:32.111 19104 19104 I View    : setRequestedFrameRate frameRate=-4.0, this=com.getcapacitor.CapacitorWebView{dce823f VFEDHVC.. .F...... 0,0-1440,3088 #7f0900ee app:id/webview aid=1073741824}, caller=android.view.ViewGroup.setRequestedFrameRate:9952 WV.rf.p:1 WV.rg.h:118 WV.rg.onDraw:7 com.android.webview.chromium.WebViewChromium.onDraw:19 
02-26 16:52:32.115  3490  6152 D WindowManager: updateSystemBarAttributes, bhv=1, apr=8, statusBarAprRegions=[AppearanceRegion{ bounds=[0,0][1440,3088]}], requestedVisibilities=-9
02-26 16:52:32.115 13857 13857 I InsetsController: onStateChanged: host=com.google.android.gms/com.google.android.gms.auth.api.credentials.assistedsignin.ui.GoogleSignInActivity, from=android.view.ViewRootImpl.onInsetsStateChanged:3026, state=InsetsState: {mDisplayFrame=Rect(0, 0 - 1440, 3088), mDisplayCutout=DisplayCutout{insets=Rect(0, 100 - 0, 0) waterfall=Insets{left=0, top=0, right=0, bottom=0} boundingRect={Bounds=[Rect(0, 0 - 0, 0), Rect(685, 0 - 756, 100), Rect(0, 0 - 0, 0), Rect(0, 0 - 0, 0)]} cutoutPathParserInfo={CutoutPathParserInfo{displayWidth=1440 displayHeight=3088 physicalDisplayWidth=1440 physicalDisplayHeight=3088 density={3.75} cutoutSpec={M 0,0 H -9.466666666666667 V 26.66666666666667Ă”Ă‡ÂĽ H 9.466666666666667 V 0 H 0 Z @dp} rotation={0} scale={1.0} physicalPixelDisplaySizeRatio={1.0}}} sideOverrides={}}, mRoundedCorners=RoundedCorners{[RoundedCorner{position=TopLeft, radius=14, center=Point(14, 14)}, RoundedCorner{position=TopRight, radius=14, center=Point(1426, 14)}, RoundedCorner{position=BottomRight, radius=14, center=Point(1426, 3074)}, RoundedCorner{position=BottomLeft, radius=14, center=Point(14, 3074)}]}  mRoundedCornerFrame=Rect(0, 0 - 1440, 3088), mPrivacyIndicatorBounds=PrivacyIndicatorBounds {static bounds=Rect(1286, 0 - 1440, 100) rotation=0}, mDisplayShape=DisplayShape{ spec=-311912193 displayWidth=1440 displayHeight=3088 physicalPixelDisplaySizeRatio=1.0 rotation=0 offsetX=0 offsetY=0 scale=1.0}, mSources= { InsetsSource: {95ba0001 mType=navigationBars mFrame=[0,0][0,0] mVisible=true mFlags=SUPPRESS_SCRIM mSideHint=NONE mBoundingRects=null}, InsetsSource: {95ba0004 mType=systemGestures mFrame=[0,0][139,3088] mVisible=true mFlags= mSideHint=LEFT mBoundingRects=null}, InsetsSource: {95ba0005 mType=mandatorySystemGestures mFrame=[0,2979][1440,3088] mVisible=true mFlags= mSideHint=BOTTOM mBoundingRects=null}, InsetsSource: {95ba0006 mType=tappableElement mFrame=[0,0][0,0] mVisible=true mFlags= mSideHint=NONE mBoundingRects=null}, InsetsSource: {95ba0024 mType=systemGestures mFrame=[1301,0][1440,3088] mVisible=true mFlags= mSideHint=RIGHT mBoundingRects=null}, InsetsSource: {3 mType=ime mFrame=[0,0][0,0] mVisible=false mFlags= mSideHint=NONE mBoundingRects=null}, InsetsSource: {27 mType=displayCutout mFrame=[0,0][1440,100] mVisible=true mFlags= mSideHint=TOP mBoundingRects=null}, InsetsSource: {32df0000 mType=statusBars mFrame=[0,0][1440,100] mVisible=true mFlags= mSideHint=TOP mBoundingRects=null}, InsetsSource: {32df0005 mType=mandatorySystemGestures mFrame=[0,0][1440,142] mVisible=true mFlags= mSideHint=TOP mBoundingRects=null}, InsetsSource: {32df0006 mType=tappableElement mFrame=[0,0][1440,100] mVisible=true mFlags= mSideHint=TOP mBoundingRects=null} }
02-26 16:52:32.116  4450  4450 D NavigationBar: onSystemBarAttributesChanged() -  displayId:0, appearance:8, packageName: com.google.android.gms (APPEARANCE_LIGHT_STATUS_BARS ), navbarColorManagedByIme:false
02-26 16:52:32.117  3490  5342 I NSLocationMonitor: getGPSUsingApps() called
02-26 16:52:32.118  5333  5508 I NSLocationManager_FLP: getGPSUsingApps, No change
02-26 16:52:32.121  3490  5342 I NSLocationMonitor: getGPSUsingApps() called
02-26 16:52:32.122 13857 13857 I InsetsController: onStateChanged: host=com.google.android.gms/com.google.android.gms.auth.api.credentials.assistedsignin.ui.GoogleSignInActivity, from=android.view.ViewRootImpl.onInsetsStateChanged:3026, state=InsetsState: {mDisplayFrame=Rect(0, 0 - 1440, 3088), mDisplayCutout=DisplayCutout{insets=Rect(0, 100 - 0, 0) waterfall=Insets{left=0, top=0, right=0, bottom=0} boundingRect={Bounds=[Rect(0, 0 - 0, 0), Rect(685, 0 - 756, 100), Rect(0, 0 - 0, 0), Rect(0, 0 - 0, 0)]} cutoutPathParserInfo={CutoutPathParserInfo{displayWidth=1440 displayHeight=3088 physicalDisplayWidth=1440 physicalDisplayHeight=3088 density={3.75} cutoutSpec={M 0,0 H -9.466666666666667 V 26.66666666666667Ă”Ă‡ÂĽ H 9.466666666666667 V 0 H 0 Z @dp} rotation={0} scale={1.0} physicalPixelDisplaySizeRatio={1.0}}} sideOverrides={}}, mRoundedCorners=RoundedCorners{[RoundedCorner{position=TopLeft, radius=14, center=Point(14, 14)}, RoundedCorner{position=TopRight, radius=14, center=Point(1426, 14)}, RoundedCorner{position=BottomRight, radius=14, center=Point(1426, 3074)}, RoundedCorner{position=BottomLeft, radius=14, center=Point(14, 3074)}]}  mRoundedCornerFrame=Rect(0, 0 - 1440, 3088), mPrivacyIndicatorBounds=PrivacyIndicatorBounds {static bounds=Rect(1286, 0 - 1440, 100) rotation=0}, mDisplayShape=DisplayShape{ spec=-311912193 displayWidth=1440 displayHeight=3088 physicalPixelDisplaySizeRatio=1.0 rotation=0 offsetX=0 offsetY=0 scale=1.0}, mSources= { InsetsSource: {95ba0001 mType=navigationBars mFrame=[0,0][0,0] mVisible=true mFlags=SUPPRESS_SCRIM mSideHint=NONE mBoundingRects=null}, InsetsSource: {95ba0004 mType=systemGestures mFrame=[0,0][139,3088] mVisible=true mFlags= mSideHint=LEFT mBoundingRects=null}, InsetsSource: {95ba0005 mType=mandatorySystemGestures mFrame=[0,2979][1440,3088] mVisible=true mFlags= mSideHint=BOTTOM mBoundingRects=null}, InsetsSource: {95ba0006 mType=tappableElement mFrame=[0,0][0,0] mVisible=true mFlags= mSideHint=NONE mBoundingRects=null}, InsetsSource: {95ba0024 mType=systemGestures mFrame=[1301,0][1440,3088] mVisible=true mFlags= mSideHint=RIGHT mBoundingRects=null}, InsetsSource: {3 mType=ime mFrame=[0,0][0,0] mVisible=false mFlags= mSideHint=NONE mBoundingRects=null}, InsetsSource: {27 mType=displayCutout mFrame=[0,0][1440,100] mVisible=true mFlags= mSideHint=TOP mBoundingRects=null}, InsetsSource: {32df0000 mType=statusBars mFrame=[0,0][1440,100] mVisible=true mFlags= mSideHint=TOP mBoundingRects=null}, InsetsSource: {32df0005 mType=mandatorySystemGestures mFrame=[0,0][1440,142] mVisible=true mFlags= mSideHint=TOP mBoundingRects=null}, InsetsSource: {32df0006 mType=tappableElement mFrame=[0,0][1440,100] mVisible=true mFlags= mSideHint=TOP mBoundingRects=null} }
02-26 16:52:32.122  5333  5508 I NSLocationManager_FLP: getGPSUsingApps, No change
02-26 16:52:32.124  3490  6168 D SurfaceComposerClient: setCornerRadius ## 9a9672d com.bydstats.app/com.bydstats.app.MainActivity#196679 cornerRadius=0.000000
02-26 16:52:32.124  3490  6168 D SurfaceComposerClient: setCornerRadius ## 9a9672d com.bydstats.app/com.bydstats.app.MainActivity#196679 cornerRadius=0.000000
02-26 16:52:32.124  3490  6168 I WindowManager: Relayout hash=155d9af, pid=13857, syncId=-1: mAttrs={(0,0)(wrapxwrap) gr=CENTER sim={adjust=pan forwardNavigation} ty=APPLICATION fmt=TRANSLUCENT wanim=0x7f160033 surfaceInsets=Rect(112, 112 - 112, 112)
02-26 16:52:32.124  3490  5342 I NSLocationMonitor: getGPSUsingApps() called
02-26 16:52:32.125 13857 13857 I InsetsSourceConsumer: applyRequestedVisibilityToControl: visible=true, type=statusBars, host=com.google.android.gms/com.google.android.gms.auth.api.credentials.assistedsignin.ui.GoogleSignInActivity
02-26 16:52:32.125  5333  5508 I NSLocationManager_FLP: getGPSUsingApps, No change
02-26 16:52:32.125 13857 13857 I InsetsSourceConsumer: applyRequestedVisibilityToControl: visible=true, type=navigationBars, host=com.google.android.gms/com.google.android.gms.auth.api.credentials.assistedsignin.ui.GoogleSignInActivity
02-26 16:52:32.128  3490  3537 D SurfaceComposerClient: setCornerRadius ## 9a9672d com.bydstats.app/com.bydstats.app.MainActivity#196679 cornerRadius=0.000000
02-26 16:52:32.128  3490  3537 D SurfaceComposerClient: setCornerRadius ## 9a9672d com.bydstats.app/com.bydstats.app.MainActivity#196679 cornerRadius=0.000000
02-26 16:52:32.129  3490  6152 D SurfaceComposerClient: setCornerRadius ## 9a9672d com.bydstats.app/com.bydstats.app.MainActivity#196679 cornerRadius=0.000000
02-26 16:52:32.129  3490  6152 D SurfaceComposerClient: setCornerRadius ## 9a9672d com.bydstats.app/com.bydstats.app.MainActivity#196679 cornerRadius=0.000000
02-26 16:52:32.130  3490  5342 D FreecessHandler: freeze com.elcorteingles.app(10317) result : 51
02-26 16:52:32.130  3490  5342 D FreecessHandler: stop trying to freeze com.elcorteingles.app
02-26 16:52:32.130  3490  6152 I WindowManager: Relayout hash=7e1db8f, pid=13857, syncId=-1: mAttrs={(0,0)(wrapxwrap) sim={adjust=pan forwardNavigation} ty=BASE_APPLICATION fmt=TRANSPARENT surfaceInsets=Rect(112, 112 - 112, 112)
02-26 16:52:32.130  3490  5342 I NSLocationMonitor: getGPSUsingApps() called
02-26 16:52:32.130  5333  5508 I NSLocationManager_FLP: getGPSUsingApps, No change
02-26 16:52:32.132  3490  3537 D SurfaceComposerClient: setCornerRadius ## 9a9672d com.bydstats.app/com.bydstats.app.MainActivity#196679 cornerRadius=0.000000
02-26 16:52:32.132 13857 13857 D VRI[GoogleSignInActivity]@2363bd8: reportNextDraw android.view.ViewRootImpl.handleResized:2983 android.view.ViewRootImpl.-$$Nest$mhandleResized:0 android.view.ViewRootImpl$W.resized:14082 android.app.servertransaction.WindowStateResizeItem.execute:93 android.app.servertransaction.WindowStateTransactionItem.execute:62 
02-26 16:52:32.132  3490  3537 D SurfaceComposerClient: setCornerRadius ## 9a9672d com.bydstats.app/com.bydstats.app.MainActivity#196679 cornerRadius=0.000000
02-26 16:52:32.132 13857 13857 D VRI[GoogleSignInActivity]@cd5b9a2: reportNextDraw android.view.ViewRootImpl.handleResized:2983 android.view.ViewRootImpl.-$$Nest$mhandleResized:0 android.view.ViewRootImpl$W.resized:14082 android.app.servertransaction.WindowStateResizeItem.execute:93 android.app.servertransaction.WindowStateTransactionItem.execute:62 
02-26 16:52:32.133  3490  3537 D ActivityManagerPerformance: AMP_release() APP_SWITCH
02-26 16:52:32.134  3490  3537 D ChangeTransitionController:    ChangeInfo{4f0c1c8 container=Task{d5a5e #2431 type=standard A=10562:com.bydstats.app} flags=0x0}
02-26 16:52:32.136  3490  3537 D SurfaceComposerClient: setCornerRadius ## 9a9672d com.bydstats.app/com.bydstats.app.MainActivity#196679 cornerRadius=0.000000
02-26 16:52:32.137  3490  3537 D SurfaceComposerClient: setCornerRadius ## 9a9672d com.bydstats.app/com.bydstats.app.MainActivity#196679 cornerRadius=0.000000
02-26 16:52:32.138  3490  5342 W FreecessController: getAllRunningPackagePids: Failed to read pid from /sys/fs/cgroup/apps/uid_10049/pid_24088/cgroup.procs
02-26 16:52:32.138  4450  4530 I SurfaceControlRegistry: apply, t=StartTransaction_SyncId<5163>, caller=android.view.SurfaceControl$Transaction.apply:3459 android.view.SurfaceControl$Transaction.apply:3447 android.view.SurfaceControl$Transaction.apply:3397 com.android.wm.shell.transition.DefaultTransitionHandler.startAnimation:3387 com.android.wm.shell.transition.Transitions.dispatchTransition:90 com.android.wm.shell.transition.Transitions.playTransition:774 
02-26 16:52:32.139  3490  5342 W FreecessController: getAllRunningPackagePids: Failed to read pid from /sys/fs/cgroup/apps/uid_10064/pid_31538/cgroup.procs
02-26 16:52:32.139  4450  4530 I SurfaceControlRegistry: apply, t=FinishTransaction_SyncId<5163>, caller=android.view.SurfaceControl$Transaction.apply:3459 android.view.SurfaceControl$Transaction.apply:3447 android.view.SurfaceControl$Transaction.apply:3397 com.android.wm.shell.transition.Transitions.onFinish:315 com.android.wm.shell.transition.Transitions$$ExternalSyntheticLambda7.onTransitionFinished:12 com.android.wm.shell.transition.DefaultTransitionHandler$$ExternalSyntheticLambda2.run:36 
02-26 16:52:32.139  3490  5342 W FreecessController: getAllRunningPackagePids: Failed to read pid from /sys/fs/cgroup/apps/uid_10067/pid_25936/cgroup.procs
02-26 16:52:32.139  3490  5342 W FreecessController: getAllRunningPackagePids: Failed to read pid from /sys/fs/cgroup/apps/uid_10085/pid_1959/cgroup.procs
02-26 16:52:32.140  3490  6168 V WindowManager:    ChangeInfo{4f0c1c8 container=Task{d5a5e #2431 type=standard A=10562:com.bydstats.app} flags=0x0}
02-26 16:52:32.140  3490  5342 W FreecessController: getAllRunningPackagePids: Failed to read pid from /sys/fs/cgroup/apps/uid_10086/pid_20686/cgroup.procs
02-26 16:52:32.140  3490  5342 W FreecessController: getAllRunningPackagePids: Failed to read pid from /sys/fs/cgroup/apps/uid_10086/pid_20597/cgroup.procs
02-26 16:52:32.140  3490  6168 D ChangeTransitionController:    ChangeInfo{4f0c1c8 container=Task{d5a5e #2431 type=standard A=10562:com.bydstats.app} flags=0x0}
02-26 16:52:32.141  3490  5342 W FreecessController: getAllRunningPackagePids: Failed to read pid from /sys/fs/cgroup/apps/uid_10087/pid_21355/cgroup.procs
02-26 16:52:32.141  3490  5342 W FreecessController: getAllRunningPackagePids: Failed to read pid from /sys/fs/cgroup/apps/uid_10106/pid_23505/cgroup.procs
02-26 16:52:32.141  3490  5342 W FreecessController: getAllRunningPackagePids: Failed to read pid from /sys/fs/cgroup/apps/uid_10106/pid_24411/cgroup.procs
02-26 16:52:32.142  3490  5218 D PkgPredictorService-SecIpmManagerServiceImpl: ACTION_FOREGROUND_FINISH_EVENT sCurForegroundApp :com.google.android.gms
02-26 16:52:32.143  3490  5342 W FreecessController: getAllRunningPackagePids: Failed to read pid from /sys/fs/cgroup/apps/uid_10112/pid_19749/cgroup.procs
02-26 16:52:32.143  3490  5342 W FreecessController: getAllRunningPackagePids: Failed to read pid from /sys/fs/cgroup/apps/uid_10113/pid_19623/cgroup.procs
02-26 16:52:32.144  3490  3533 V WindowManager: Sent Transition (#5163) createdAt=02-26 16:52:32.061 via request=TransitionRequestInfo { type = OPEN, triggerTask = TaskInfo{userId=0 taskId=2431 effectiveUid=10562 displayId=0 isRunning=true baseIntent=Intent { act=android.intent.action.MAIN cat=[android.intent.category.LAUNCHER] flg=0x10200000 cmp=com.bydstats.app/.MainActivity } baseActivity=ComponentInfo{com.bydstats.app/com.bydstats.app.MainActivity} topActivity=ComponentInfo{com.google.android.gms/com.google.android.gms.auth.api.credentials.assistedsignin.ui.GoogleSignInActivity} origActivity=null realActivity=ComponentInfo{com.bydstats.app/com.bydstats.app.MainActivity} numActivities=3 lastActiveTime=1385643371 supportsMultiWindow=true resizeMode=1 isResizeable=true minWidth=-1 minHeight=-1 maxWidth=-1 maxHeight=-1 defaultMinSize=220 desktopDefaultMinSize=304 token=WCT{RemoteToken{1d156e2 Task{d5a5e #2431 type=standard A=10562:com.bydstats.app}}} topActivityType=1 pictureInPictureParams=null shouldDockBigOverlays=false launchIntoPipHostTaskId=-1 lastParentTaskIdBeforePip=-1 displayCutoutSafeInsets=Rect(0, 100 - 0, 0) topActivityInfo=ActivityInfo{c121d14 com.google.android.gms.auth.api.credentials.assistedsignin.ui.GoogleSignInActivity} launchCookies=[] positionInParent=Point(0, 0) parentTaskId=-1 isFocused=true isVisible=true isVisibleRequested=true isTopActivityNoDisplay=false isSleeping=false locusId=null displayAreaFeatureId=1 isTopActivityTransparent=true isActivityStackTransparent=false lastNonFullscreenBounds=Rect(108, 822 - 1332, 2366) capturedLink=null capturedLinkTimestamp=0 requestedVisibleTypes=-9 topActivityRequestOpenInBrowserEducationTimestamp=0 appCompatTaskInfo=AppCompatTaskInfo { topActivityInSizeCompat=false eligibleForLetterboxEducation= false isLetterboxEducationEnabled= false isLetterboxDoubleTapEnabled= false eligibleForUserAspectRatioButton= false topActivityBoundsLetterboxed= false isFromLetterboxDoubleTap= false topActivityLetterboxVerticalPosition= -1 topActivityLetterboxHorizontalPosition= -1 topActivityLetterboxWidth=-1 topActivityLetterboxHeight=-1 topActivityAppBounds=Rect(0, 0 - 1440, 3088) isUserFullscreenOverrideEnabled=false isSystemFullscreenOverrideEnabled=false hasMinAspectRatioOverride=false topActivityLetterboxBounds=null cameraCompatTaskInfo=CameraCompatTaskInfo { freeformCameraCompatMode=inactive} topActivityBounds=null topActivityInDisplayCompat=false singleTapFromLetterbox=false} topActivityMainWindowFrame=null originallySupportedMultiWindow=true hasWallpaper=false rootAffinity=10562:com.bydstats.app isTopTaskInStage=false CoverLauncherWidgetTask=false LaunchedFromAppsCoverLauncherTask=false LaunchedFromMultistarCoverLauncherTask=false isAllowedSeamlessRotation=false isTopTransparentActivity=true isAliasManaged=false hasConfigChanged=false snappingGuideBounds=null isAiKeyRemoveAppTask=false lastDesktopWindowingBounds=null lastExternalDesktopWindowingBounds=null safeCutoutInsets=null}, pipChange = null, remoteTransition = null, displayChange = null, flags = 0, debugId = 5163 }
02-26 16:52:32.144  3490  5342 W FreecessController: getAllRunningPackagePids: Failed to read pid from /sys/fs/cgroup/apps/uid_10130/pid_27665/cgroup.procs
02-26 16:52:32.144  3490  5342 W FreecessController: getAllRunningPackagePids: Failed to read pid from /sys/fs/cgroup/apps/uid_10130/pid_5529/cgroup.procs
02-26 16:52:32.144  3490  5342 W FreecessController: getAllRunningPackagePids: Failed to read pid from /sys/fs/cgroup/apps/uid_10143/pid_23642/cgroup.procs
02-26 16:52:32.145  3490  5342 W FreecessController: getAllRunningPackagePids: Failed to read pid from /sys/fs/cgroup/apps/uid_10143/pid_23979/cgroup.procs
02-26 16:52:32.145  3490  5342 W FreecessController: getAllRunningPackagePids: Failed to read pid from /sys/fs/cgroup/apps/uid_10203/pid_15883/cgroup.procs
02-26 16:52:32.145  3490  5342 W FreecessController: getAllRunningPackagePids: Failed to read pid from /sys/fs/cgroup/apps/uid_10203/pid_11529/cgroup.procs
02-26 16:52:32.145  3490  4077 D SurfaceComposerClient: setCornerRadius ## 9a9672d com.bydstats.app/com.bydstats.app.MainActivity#196679 cornerRadius=0.000000
02-26 16:52:32.146  3490  5342 W FreecessController: getAllRunningPackagePids: Failed to read pid from /sys/fs/cgroup/apps/uid_10228/pid_15024/cgroup.procs
02-26 16:52:32.146  3490  5342 W FreecessController: getAllRunningPackagePids: Failed to read pid from /sys/fs/cgroup/apps/uid_10246/pid_23679/cgroup.procs
02-26 16:52:32.147  3490  4077 D SurfaceComposerClient: setCornerRadius ## 9a9672d com.bydstats.app/com.bydstats.app.MainActivity#196679 cornerRadius=0.000000
02-26 16:52:32.147  3490  5342 W FreecessController: getAllRunningPackagePids: Failed to read pid from /sys/fs/cgroup/apps/uid_10272/pid_19317/cgroup.procs
02-26 16:52:32.147  3490  4077 I WindowManager: Relayout hash=155d9af, pid=13857, syncId=-1: mAttrs={(0,0)(wrapxwrap) gr=CENTER sim={adjust=pan forwardNavigation} ty=APPLICATION fmt=TRANSLUCENT wanim=0x7f160033 surfaceInsets=Rect(112, 112 - 112, 112)
02-26 16:52:32.147  3490  5342 W FreecessController: getAllRunningPackagePids: Failed to read pid from /sys/fs/cgroup/apps/uid_10282/pid_32562/cgroup.procs
02-26 16:52:32.149  3490  5342 W FreecessController: getAllRunningPackagePids: Failed to read pid from /sys/fs/cgroup/apps/uid_10302/pid_28498/cgroup.procs
02-26 16:52:32.150  3490  5342 W FreecessController: getAllRunningPackagePids: Failed to read pid from /sys/fs/cgroup/apps/uid_10312/pid_21112/cgroup.procs
02-26 16:52:32.150  3490  5342 W FreecessController: getAllRunningPackagePids: Failed to read pid from /sys/fs/cgroup/apps/uid_10312/pid_19891/cgroup.procs
02-26 16:52:32.150  3490  5342 D FreecessController: BG freezed, skip OLAF unfreeze for (com.samsung.android.app.galaxyregistry, 10316)
02-26 16:52:32.150  3490  5342 W FreecessController: getAllRunningPackagePids: Failed to read pid from /sys/fs/cgroup/apps/uid_10331/pid_610/cgroup.procs
02-26 16:52:32.151  3490  5342 W FreecessController: getAllRunningPackagePids: Failed to read pid from /sys/fs/cgroup/apps/uid_10366/pid_24937/cgroup.procs
02-26 16:52:32.151  3490  5342 W FreecessController: getAllRunningPackagePids: Failed to read pid from /sys/fs/cgroup/apps/uid_10394/pid_27159/cgroup.procs
02-26 16:52:32.152  3490  5342 D FreecessController: BG freezed, skip OLAF unfreeze for (com.google.android.apps.photos, 10421)
02-26 16:52:32.152  3490  5342 W FreecessController: getAllRunningPackagePids: Failed to read pid from /sys/fs/cgroup/apps/uid_10442/pid_13445/cgroup.procs
02-26 16:52:32.153  3490  5342 W FreecessController: getAllRunningPackagePids: Failed to read pid from /sys/fs/cgroup/apps/uid_10476/pid_676/cgroup.procs
02-26 16:52:32.153  3490  5342 W FreecessController: getAllRunningPackagePids: Failed to read pid from /sys/fs/cgroup/apps/uid_10487/pid_27630/cgroup.procs
02-26 16:52:32.154 13857 13893 I SurfaceComposerClient: apply transaction with the first frame. layerId: 196701, bufferData(ID: 59515361820988, frameNumber: 1)
02-26 16:52:32.155  3490  5342 W FreecessController: getAllRunningPackagePids: Failed to read pid from /sys/fs/cgroup/apps/uid_10546/pid_4314/cgroup.procs
02-26 16:52:32.155  3490  5342 W FreecessController: getAllRunningPackagePids: Failed to read pid from /sys/fs/cgroup/apps/uid_10556/pid_3506/cgroup.procs
02-26 16:52:32.155  3490  3537 D SurfaceComposerClient: setCornerRadius ## 9a9672d com.bydstats.app/com.bydstats.app.MainActivity#196679 cornerRadius=0.000000
02-26 16:52:32.156  3490  5342 W FreecessController: getAllRunningPackagePids: Failed to read pid from /sys/fs/cgroup/apps/uid_10604/pid_14197/cgroup.procs
02-26 16:52:32.156  3490  3537 D SurfaceComposerClient: setCornerRadius ## 9a9672d com.bydstats.app/com.bydstats.app.MainActivity#196679 cornerRadius=0.000000
02-26 16:52:32.156  3490  5342 W FreecessController: getAllRunningPackagePids: Failed to read pid from /sys/fs/cgroup/apps/uid_10686/pid_14070/cgroup.procs
02-26 16:52:32.156  3490  3537 D SurfaceComposerClient: setCornerRadius ## 9a9672d com.bydstats.app/com.bydstats.app.MainActivity#196679 cornerRadius=0.000000
02-26 16:52:32.156  3490  5342 W FreecessController: getAllRunningPackagePids: Failed to read pid from /sys/fs/cgroup/apps/uid_1010049/pid_24059/cgroup.procs
02-26 16:52:32.157  3490  5342 W FreecessController: getAllRunningPackagePids: Failed to read pid from /sys/fs/cgroup/apps/uid_1010113/pid_12456/cgroup.procs
02-26 16:52:32.157  3490  3537 D SurfaceComposerClient: setCornerRadius ## 9a9672d com.bydstats.app/com.bydstats.app.MainActivity#196679 cornerRadius=0.000000
02-26 16:52:32.158  3490  5342 W FreecessController: getAllRunningPackagePids: Failed to read pid from /sys/fs/cgroup/apps/uid_1010228/pid_14965/cgroup.procs
02-26 16:52:32.158  3490  5342 W FreecessController: getAllRunningPackagePids: Failed to read pid from /sys/fs/cgroup/apps/uid_1010228/pid_8154/cgroup.procs
02-26 16:52:32.158  3490  5342 W FreecessController: getAllRunningPackagePids: Failed to read pid from /sys/fs/cgroup/apps/uid_1010272/pid_23273/cgroup.procs
02-26 16:52:32.158  3490  3762 V InputMethodManagerService: applyImeVisibility state=6
02-26 16:52:32.159  3490  5342 W FreecessController: getAllRunningPackagePids: Failed to read pid from /sys/fs/cgroup/apps/uid_1010282/pid_28691/cgroup.procs
02-26 16:52:32.161 24790 24790 I GoogleInputMethodService: GoogleInputMethodService.onStartInput():1384 onStartInput(EditorInfo{EditorInfo{packageName=com.google.android.gms, inputType=0, inputTypeString=NULL, enableLearning=false, autoCorrection=false, autoComplete=false, imeOptions=0, privateImeOptions=null, actionName=UNSPECIFIED, actionLabel=null, initialSelStart=-1, initialSelEnd=-1, initialCapsMode=0, label=null, fieldId=0, fieldName=null, extras=Bundle[{appShowRequested=false, isTextEditor=false, displayId=0}], hintText=null, hintLocales=[]}}, false)
02-26 16:52:32.161  3490  3537 D SurfaceComposerClient: setCornerRadius ## 9a9672d com.bydstats.app/com.bydstats.app.MainActivity#196679 cornerRadius=0.000000
02-26 16:52:32.162  3490  6168 W PackageConfigPersister: App-specific configuration not found for packageName: com.google.android.gms and userId: 0
02-26 16:52:32.162  3490  5342 I NSLocationMonitor: getGPSUsingApps() called
02-26 16:52:32.162  5333  5508 I NSLocationManager_FLP: getGPSUsingApps, No change
02-26 16:52:32.163  3490  3536 I DisplayDeviceRepository: Display device changed render timings: "Pantalla integrada", renderFrameRate=120.00001, presentationDeadlineNanos=9233333, appVsyncOffsetNanos=8333333, frameRateOverrides=[{uid=1000 frameRateHz=120.00001}, {uid=10041 frameRateHz=120.00001}, {uid=10141 frameRateHz=120.00001}, {uid=10236 frameRateHz=120.00001}, {uid=10491 frameRateHz=120.00001}, {uid=10562 frameRateHz=120.00001}]
02-26 16:52:32.164  3490  3537 D SurfaceComposerClient: setCornerRadius ## 9a9672d com.bydstats.app/com.bydstats.app.MainActivity#196679 cornerRadius=0.000000
02-26 16:52:32.165  3490  5342 D FreecessHandler: freeze com.whatsapp(10477) result : 51
02-26 16:52:32.165  3490  5342 D FreecessHandler: stop trying to freeze com.whatsapp
02-26 16:52:32.165  3490  5342 I NSLocationMonitor: getGPSUsingApps() called
02-26 16:52:32.165  5333  5508 I NSLocationManager_FLP: getGPSUsingApps, No change
02-26 16:52:32.166  1817  1817 D SurfaceFlinger:        DEVICE |           82051055222786 | 00002102 | RGBA_8888    |    0.0    0.0 1440.0 3088.0 |    0    0 1440 3088 | com.bydstats.app/com.bydstats.app.MainActivity$_19104#196680 (27)
02-26 16:52:32.166  1817  1817 D SurfaceFlinger: 0.0   67.0  374.0 |    0  369   67  743 | com.sec.android.app.launcher/com.sam[...].app.CocktailBarService$_4893#196567 (1)
02-26 16:52:32.168  3490  5342 I NSLocationMonitor: getGPSUsingApps() called
02-26 16:52:32.168  5333  5508 I NSLocationManager_FLP: getGPSUsingApps, No change
02-26 16:52:32.173  3490  5342 I NSLocationMonitor: getGPSUsingApps() called
02-26 16:52:32.173  5333  5508 I NSLocationManager_FLP: getGPSUsingApps, No change
02-26 16:52:32.174  3490  6163 D SurfaceComposerClient: setCornerRadius ## 9a9672d com.bydstats.app/com.bydstats.app.MainActivity#196679 cornerRadius=0.000000
02-26 16:52:32.175  3490  6163 D SurfaceComposerClient: setCornerRadius ## 9a9672d com.bydstats.app/com.bydstats.app.MainActivity#196679 cornerRadius=0.000000
02-26 16:52:32.176  3490  6163 I WindowManager: Relayout hash=155d9af, pid=13857, syncId=-1: mAttrs={(0,0)(wrapxwrap) gr=CENTER sim={adjust=pan forwardNavigation} ty=APPLICATION fmt=TRANSLUCENT wanim=0x7f160033 surfaceInsets=Rect(112, 112 - 112, 112)
02-26 16:52:32.176  3490  5342 I NSLocationMonitor: getGPSUsingApps() called
02-26 16:52:32.176  5333  5508 I NSLocationManager_FLP: getGPSUsingApps, No change
02-26 16:52:32.179  3490  5342 I NSLocationMonitor: getGPSUsingApps() called
02-26 16:52:32.179  5333  5508 I NSLocationManager_FLP: getGPSUsingApps, No change
02-26 16:52:32.182  3490  5342 I NSLocationMonitor: getGPSUsingApps() called
02-26 16:52:32.183  5333  5508 I NSLocationManager_FLP: getGPSUsingApps, No change
02-26 16:52:32.186  3490  5342 I NSLocationMonitor: getGPSUsingApps() called
02-26 16:52:32.186  5333  5508 I NSLocationManager_FLP: getGPSUsingApps, No change
02-26 16:52:32.189  3490  5342 D FreecessHandler: freeze com.elcorteingles.app(10317) result : 51
02-26 16:52:32.189  3490  5342 D FreecessHandler: stop trying to freeze com.elcorteingles.app
02-26 16:52:32.189  3490  5342 I NSLocationMonitor: getGPSUsingApps() called
02-26 16:52:32.189  5333  5508 I NSLocationManager_FLP: getGPSUsingApps, No change
02-26 16:52:32.245  3490  3940 D SemWifiSwitchForIndividualAppsService: TMI window: 2026-02-26 16:52:27 syn=2, rto=0, cwnd=1
02-26 16:52:32.245  3490  3940 D SemWifiSwitchForIndividualAppsService: TMI window: 2026-02-26 16:52:28 syn=2, rto=0, cwnd=1
02-26 16:52:32.245  3490  3940 D SemWifiSwitchForIndividualAppsService: TMI window: 2026-02-26 16:52:29 syn=2, rto=0, cwnd=1
02-26 16:52:32.245  3490  3940 D SemWifiSwitchForIndividualAppsService: TMI window: 2026-02-26 16:52:30 syn=2, rto=0, cwnd=1
02-26 16:52:32.245  3490  3940 D SemWifiSwitchForIndividualAppsService: TMI window: 2026-02-26 16:52:31 syn=2, rto=0, cwnd=1
02-26 16:52:32.379  3490  3537 D SurfaceComposerClient: setCornerRadius ## 9a9672d com.bydstats.app/com.bydstats.app.MainActivity#196679 cornerRadius=0.000000
02-26 16:52:32.387  3490  3537 D SurfaceComposerClient: setCornerRadius ## 9a9672d com.bydstats.app/com.bydstats.app.MainActivity#196679 cornerRadius=0.000000
02-26 16:52:32.397  3490  3536 I DisplayDeviceRepository: Display device changed render timings: "Pantalla integrada", renderFrameRate=120.00001, presentationDeadlineNanos=9233333, appVsyncOffsetNanos=8333333, frameRateOverrides=[]
02-26 16:52:32.400  3490  3537 D SurfaceComposerClient: setCornerRadius ## 9a9672d com.bydstats.app/com.bydstats.app.MainActivity#196679 cornerRadius=0.000000
02-26 16:52:32.661  3490  3536 D SGM:GameManager: identifyForegroundApp. com.bydstats.app, mCurrentUserId: 0, callerUserId: 0
02-26 16:52:32.924  3490  3727 D ActivityManager: freezing 14184 com.samsung.android.biometrics.app.setting
02-26 16:52:33.015  1129  1129 D io_stats: !@ Write_top(KB): kworker/u16:0(8773) 6732 f2fs_ckpt-254:6(1365) 280 om.bydstats.app(19104) 268
02-26 16:52:33.116  3490  6152 W ActivityManager: pid 16512 com.samsung.android.rubin.app sent binder code 1 with flags 0 to frozen apps and got error -2147483646
02-26 16:52:33.220  3490  4077 D BLASTSyncEngine: SyncGroup is created, id=5164, name=Transition-CLOSE, caller=com.android.server.wm.BLASTSyncEngine$SyncGroup.<init>:52 com.android.server.wm.TransitionController.moveToCollecting:79 com.android.server.wm.TransitionController.createTransition:46 com.android.server.wm.TransitionController.requestCloseTransitionIfNeeded:73 com.android.server.wm.ActivityRecord.finishIfPossible:38 com.android.server.wm.ActivityClientController.finishActivity:268 android.app.IActivityClientController$Stub.onTransact:840 
02-26 16:52:33.220  3490  4077 V WindowManager: Start collecting in Transition: TransitionRecord{b5c4293 id=5164 type=CLOSE flags=0x0}, caller=com.android.server.wm.TransitionController.createTransition:46 com.android.server.wm.TransitionController.requestCloseTransitionIfNeeded:73 com.android.server.wm.ActivityRecord.finishIfPossible:38 com.android.server.wm.ActivityClientController.finishActivity:268 android.app.IActivityClientController$Stub.onTransact:840 
02-26 16:52:33.220  3490  4077 V WindowManager: Requesting StartTransition: TransitionRecord{b5c4293 id=5164 type=CLOSE flags=0x0}, caller=com.android.server.wm.TransitionController.requestCloseTransitionIfNeeded:81 com.android.server.wm.ActivityRecord.finishIfPossible:38 com.android.server.wm.ActivityClientController.finishActivity:268 android.app.IActivityClientController$Stub.onTransact:840 com.android.server.wm.ActivityClientController.onTransact:1 
02-26 16:52:33.220  3490  4077 V WindowManager: Collecting in transition 5164: ActivityRecord{217077628 u0 com.google.android.gms/.auth.api.credentials.assistedsignin.ui.GoogleSignInActivity t2431 f}}, caller=com.android.server.wm.Transition.collectExistenceChange:40 com.android.server.wm.Transition.collectClose:7 com.android.server.wm.ActivityRecord.finishIfPossible:50 com.android.server.wm.ActivityClientController.finishActivity:268 android.app.IActivityClientController$Stub.onTransact:840 
02-26 16:52:33.220  3490  4077 V WindowManager: Collecting in transition 5164: ActivityRecord{217077628 u0 com.google.android.gms/.auth.api.credentials.assistedsignin.ui.GoogleSignInActivity t2431 f}}, caller=com.android.server.wm.TransitionController.collect:7 com.android.server.wm.ActivityRecord.setVisibility:132 com.android.server.wm.ActivityRecord.finishIfPossible:87 com.android.server.wm.ActivityClientController.finishActivity:268 android.app.IActivityClientController$Stub.onTransact:840 
02-26 16:52:33.223  3490  4077 D SurfaceComposerClient: setCornerRadius ## 9a9672d com.bydstats.app/com.bydstats.app.MainActivity#196679 cornerRadius=0.000000
02-26 16:52:33.225  3490  6152 D InputDispatcher: Focused application(0): ActivityRecord{148305520 u0 com.android.credentialmanager/.CredentialSelectorActivity t2431}
02-26 16:52:33.225  6731 11872 I Routine@Core[4.9.04.13]: Pref: putSharedPrefsData: key=condition_launch_app_data_resume_pkg, data.size=100
02-26 16:52:33.226 19299 19299 I FirebaseApp: Device unlocked: initializing all Firebase APIs for app [DEFAULT]
02-26 16:52:33.229  3490  6152 D WindowManager: updateSystemBarAttributes, bhv=1, apr=0, statusBarAprRegions=[AppearanceRegion{ bounds=[0,0][1440,3088]}], requestedVisibilities=-9
02-26 16:52:33.230  3490  6152 D BLASTSyncEngine: SyncGroup 5164: Set ready true, caller=com.android.server.wm.BLASTSyncEngine.setReady:32 com.android.server.wm.Transition.applyReady:54 com.android.server.wm.Transition.setReady:72 com.android.server.wm.TransitionController.setReady:6 com.android.server.wm.DisplayContent.executeAppTransition:4 com.android.server.wm.ActivityRecord.completeResumeLocked:115 
02-26 16:52:33.230  3490  6152 D SurfaceComposerClient: setCornerRadius ## 9a9672d com.bydstats.app/com.bydstats.app.MainActivity#196679 cornerRadius=0.000000
02-26 16:52:33.230  3490  6152 D SurfaceComposerClient: setCornerRadius ## 9a9672d com.bydstats.app/com.bydstats.app.MainActivity#196679 cornerRadius=0.000000
02-26 16:52:33.230  3490  6152 D ChangeTransitionController:    ChangeInfo{7e7710b container=Task{d5a5e #2431 type=standard A=10562:com.bydstats.app} flags=0x0}
02-26 16:52:33.231 19299 19299 I FirebaseInitProvider: FirebaseApp initialization successful
02-26 16:52:33.233  4450  4450 D NavigationBar: onSystemBarAttributesChanged() -  displayId:0, appearance:0, packageName: com.android.credentialmanager, navbarColorManagedByIme:false
02-26 16:52:33.234  3490  6168 D ApplicationPolicy: getApplicationStateEnabled : pkg = com.samsung.cmh userId : 0
02-26 16:52:33.234  3490  6168 D ApplicationPolicy: getApplicationComponentState : pkg = com.samsung.cmh userId : 0
02-26 16:52:33.238  3490  6152 D BLASTSyncEngine: SyncGroup is created, id=5165, name=Transition-CLOSE, caller=com.android.server.wm.BLASTSyncEngine$SyncGroup.<init>:52 com.android.server.wm.TransitionController.moveToCollecting:79 com.android.server.wm.TransitionController.createTransition:46 com.android.server.wm.TransitionController.requestCloseTransitionIfNeeded:73 com.android.server.wm.ActivityRecord.finishIfPossible:38 com.android.server.wm.ActivityClientController.finishActivity:268 android.app.IActivityClientController$Stub.onTransact:840 
02-26 16:52:33.238  3490  6152 V WindowManager: Start collecting in Transition: TransitionRecord{202932 id=5165 type=CLOSE flags=0x0}, caller=com.android.server.wm.TransitionController.createTransition:46 com.android.server.wm.TransitionController.requestCloseTransitionIfNeeded:73 com.android.server.wm.ActivityRecord.finishIfPossible:38 com.android.server.wm.ActivityClientController.finishActivity:268 android.app.IActivityClientController$Stub.onTransact:840 
02-26 16:52:33.238  3490  6152 V WindowManager: Requesting StartTransition: TransitionRecord{202932 id=5165 type=CLOSE flags=0x0}, caller=com.android.server.wm.TransitionController.requestCloseTransitionIfNeeded:81 com.android.server.wm.ActivityRecord.finishIfPossible:38 com.android.server.wm.ActivityClientController.finishActivity:268 android.app.IActivityClientController$Stub.onTransact:840 com.android.server.wm.ActivityClientController.onTransact:1 
02-26 16:52:33.238  3490  6152 V WindowManager: Collecting in transition 5165: ActivityRecord{148305520 u0 com.android.credentialmanager/.CredentialSelectorActivity t2431 f}}, caller=com.android.server.wm.Transition.collectExistenceChange:40 com.android.server.wm.Transition.collectClose:7 com.android.server.wm.ActivityRecord.finishIfPossible:50 com.android.server.wm.ActivityClientController.finishActivity:268 android.app.IActivityClientController$Stub.onTransact:840 
02-26 16:52:33.238  3490  6152 V WindowManager: Collecting in transition 5165: ActivityRecord{148305520 u0 com.android.credentialmanager/.CredentialSelectorActivity t2431 f}}, caller=com.android.server.wm.TransitionController.collect:7 com.android.server.wm.ActivityRecord.setVisibility:132 com.android.server.wm.ActivityRecord.finishIfPossible:87 com.android.server.wm.ActivityClientController.finishActivity:268 android.app.IActivityClientController$Stub.onTransact:840 
02-26 16:52:33.239  3490  6152 D SurfaceComposerClient: setCornerRadius ## 9a9672d com.bydstats.app/com.bydstats.app.MainActivity#196679 cornerRadius=0.000000
02-26 16:52:33.240  3490  6152 D InputDispatcher: Focused application(0): ActivityRecord{94279577 u0 com.bydstats.app/.MainActivity t2431}
02-26 16:52:33.240  3490  6152 D WindowManager: Changing focus from Window{6e0f954 u0 com.android.credentialmanager/com.android.credentialmanager.CredentialSelectorActivity} to Window{9a9672d u0 com.bydstats.app/com.bydstats.app.MainActivity} displayId=0 Callers=com.android.server.wm.ActivityTaskManagerService.setLastResumedActivityUncheckLocked:264 com.android.server.wm.ActivityTaskSupervisor.updateTopResumedActivityIfNeeded:51 com.android.server.wm.TaskFragment.setResumedActivity:30 com.android.server.wm.ActivityRecord.setState:100 
02-26 16:52:33.240  4893  4893 I HoneySpace.EdgePanel.ActivityUtils: HomePackage : app.lawnchair.play, resumePackageName : com.android.credentialmanager, className : com.android.credentialmanager.CredentialSelectorActivity
02-26 16:52:33.242  3490  6152 D InsetsSourceProvider: updateControlForTarget: control=InsetsSourceControl: {32df0000 mType=statusBars initiallyVisible mSurfacePosition=Point(0, 0) mInsetsHint=Insets{left=0, top=100, right=0, bottom=0}}, target=Window{9a9672d u0 com.bydstats.app/com.bydstats.app.MainActivity}, from=com.android.server.wm.InsetsStateController.onControlTargetChanged:83 com.android.server.wm.InsetsPolicy.updateBarControlTarget:212 com.android.server.wm.DisplayPolicy.updateSystemBarAttributes:262 com.android.server.wm.WindowManagerService.updateFocusedWindowLocked:372 com.android.server.wm.ActivityTaskManagerService.setLastResumedActivityUncheckLocked:264 
02-26 16:52:33.242  6731 11872 I Routine@Core[4.9.04.13]: Pref: putSharedPrefsData: key=condition_launch_app_data_resume_pkg, data.size=189
02-26 16:52:33.243  3490  6152 D InsetsSourceProvider: updateControlForTarget: control=InsetsSourceControl: {95ba0001 mType=navigationBars initiallyVisible mSurfacePosition=Point(0, 2920) mInsetsHint=Insets{left=0, top=0, right=0, bottom=0}}, target=Window{9a9672d u0 com.bydstats.app/com.bydstats.app.MainActivity}, from=com.android.server.wm.InsetsStateController.onControlTargetChanged:83 com.android.server.wm.InsetsPolicy.updateBarControlTarget:225 com.android.server.wm.DisplayPolicy.updateSystemBarAttributes:262 com.android.server.wm.WindowManagerService.updateFocusedWindowLocked:372 com.android.server.wm.ActivityTaskManagerService.setLastResumedActivityUncheckLocked:264 
02-26 16:52:33.243  3490  6152 D WindowManager: updateSystemBarAttributes: displayId=0, focusedCanBeNavColorWin=false, win=Window{9a9672d u0 com.bydstats.app/com.bydstats.app.MainActivity}, navColorWin=null, caller=com.android.server.wm.WindowManagerService.updateFocusedWindowLocked:372 com.android.server.wm.ActivityTaskManagerService.setLastResumedActivityUncheckLocked:264 com.android.server.wm.ActivityTaskSupervisor.updateTopResumedActivityIfNeeded:51 
02-26 16:52:33.243  3490  6152 D WindowManager: updateSystemBarAttributes, bhv=1, apr=520, statusBarAprRegions=[AppearanceRegion{ bounds=[0,0][1440,3088]}], requestedVisibilities=-9
02-26 16:52:33.243  3490  6152 V SystemKeyManager: updateFocusedWindow() is called, com.bydstats.app/com.bydstats.app.MainActivity
02-26 16:52:33.243  3490  6152 D ActivityTaskManager: scheduleTopResumedActivityChanged, onTop=true, r=ActivityRecord{94279577 u0 com.bydstats.app/.MainActivity t2431}, caller=com.android.server.wm.ActivityTaskSupervisor.scheduleTopResumedActivityStateIfNeeded:18 com.android.server.wm.ActivityTaskSupervisor.updateTopResumedActivityIfNeeded:54 com.android.server.wm.TaskFragment.setResumedActivity:30 com.android.server.wm.ActivityRecord.setState:100 com.android.server.wm.TaskFragment.resumeTopActivity:1705 com.android.server.wm.Task.resumeTopActivityInnerLocked:119 
02-26 16:52:33.244 19299 19299 I CMHApplication: [#CMH#] CMH started with context  com.samsung.cmh.core.CMHApplication@da6f360
02-26 16:52:33.244 19299 19299 I CMHApplication: [#CMH#] Controller is ready, now starting CMH Core Init 
02-26 16:52:33.244  3490  6152 D SurfaceComposerClient: setCornerRadius ## 9a9672d com.bydstats.app/com.bydstats.app.MainActivity#196679 cornerRadius=0.000000
02-26 16:52:33.244  3490  6152 D SurfaceComposerClient: setCornerRadius ## 9a9672d com.bydstats.app/com.bydstats.app.MainActivity#196679 cornerRadius=0.000000
02-26 16:52:33.248  3490  3536 D SGM:GameManager: identifyGamePackage. com.bydstats.app, mCurrentUserId: 0, callingMethodInfo: com.samsung.android.game.SemGameManager.isGamePackage(SemGameManager.java:106)
02-26 16:52:33.248  3490  3536 D SGM:SemGameManager: isGamePackage(), pkgName=com.bydstats.app, ret=false
02-26 16:52:33.250  4450  4450 D NavigationBar: onSystemBarAttributesChanged() -  displayId:0, appearance:520, packageName: com.bydstats.app (APPEARANCE_LIGHT_STATUS_BARS ), navbarColorManagedByIme:false
02-26 16:52:33.252  3490  3536 I DisplayDeviceRepository: Display device changed render timings: "Pantalla integrada", renderFrameRate=120.00001, presentationDeadlineNanos=9233333, appVsyncOffsetNanos=8333333, frameRateOverrides=[{uid=1000 frameRateHz=120.00001}, {uid=10041 frameRateHz=120.00001}, {uid=10141 frameRateHz=120.00001}, {uid=10236 frameRateHz=120.00001}, {uid=10491 frameRateHz=120.00001}, {uid=10562 frameRateHz=120.00001}]
02-26 16:52:33.253  3490  6152 I WindowManager: Relayout Window{9a9672d u0 com.bydstats.app/com.bydstats.app.MainActivity}: viewVisibility=0 req=1440x3088 ty=1 d0
02-26 16:52:33.253  3490  6152 D SurfaceComposerClient: setCornerRadius ## 9a9672d com.bydstats.app/com.bydstats.app.MainActivity#196679 cornerRadius=0.000000
02-26 16:52:33.255  4450  4530 I SurfaceControlRegistry: apply, t=StartTransaction_SyncId<5164>, caller=android.view.SurfaceControl$Transaction.apply:3459 android.view.SurfaceControl$Transaction.apply:3447 android.view.SurfaceControl$Transaction.apply:3397 com.android.wm.shell.transition.DefaultTransitionHandler.startAnimation:3387 com.android.wm.shell.transition.Transitions.dispatchTransition:90 com.android.wm.shell.transition.Transitions.playTransition:774 
02-26 16:52:33.257  4450  4530 I SurfaceControlRegistry: apply, t=FinishTransaction_SyncId<5164>, caller=android.view.SurfaceControl$Transaction.apply:3459 android.view.SurfaceControl$Transaction.apply:3447 android.view.SurfaceControl$Transaction.apply:3397 com.android.wm.shell.transition.Transitions.onFinish:315 com.android.wm.shell.transition.Transitions$$ExternalSyntheticLambda7.onTransitionFinished:12 com.android.wm.shell.transition.DefaultTransitionHandler$$ExternalSyntheticLambda2.run:36 
02-26 16:52:33.257  3490  6152 D SurfaceComposerClient: setCornerRadius ## 9a9672d com.bydstats.app/com.bydstats.app.MainActivity#196679 cornerRadius=0.000000
02-26 16:52:33.258  3490  6152 I WindowManager: Relayout hash=9a9672d, pid=0, syncId=-1: mAttrs={(0,0)(fillxfill) sim={adjust=resize} layoutInDisplayCutoutMode=always ty=BASE_APPLICATION wanim=0x1030317
02-26 16:52:33.260  1817  2092 D SurfaceFlinger: [input] setFocusedWindow: 9a9672d com.bydstats.app/com.bydstats.app.MainActivity
02-26 16:52:33.260 19104 19104 I InsetsSourceConsumer: applyRequestedVisibilityToControl: visible=true, type=statusBars, host=com.bydstats.app/com.bydstats.app.MainActivity
02-26 16:52:33.260  3490  4077 D InputDispatcher: Once focus requested (0): 9a9672d com.bydstats.app/com.bydstats.app.MainActivity
02-26 16:52:33.260  3490  4077 D InputDispatcher: Focus entered window (0): 9a9672d com.bydstats.app/com.bydstats.app.MainActivity
02-26 16:52:33.260  3490  6168 V WindowManager:    ChangeInfo{7e7710b container=Task{d5a5e #2431 type=standard A=10562:com.bydstats.app} flags=0x0}
02-26 16:52:33.260 19104 19104 I InsetsSourceConsumer: applyRequestedVisibilityToControl: visible=true, type=navigationBars, host=com.bydstats.app/com.bydstats.app.MainActivity
02-26 16:52:33.260  3490  6168 V WindowManager: Setting visibility of Window{155d9af u0 com.google.android.gms/com.google.android.gms.auth.api.credentials.assistedsignin.ui.GoogleSignInActivity}: false, caller=com.android.server.wm.WindowContainer.sendAppVisibilityToClients:19 com.android.server.wm.WindowToken.setClientVisible:48 com.android.server.wm.ActivityRecord.commitVisibility:186 com.android.server.wm.TransitionController.finishTransition:846 com.android.server.wm.WindowOrganizerController.finishTransitionInner:31 
02-26 16:52:33.261  3490  6168 V WindowManager: Setting visibility of Window{7e1db8f u0 com.google.android.gms/com.google.android.gms.auth.api.credentials.assistedsignin.ui.GoogleSignInActivity}: false, caller=com.android.server.wm.WindowContainer.sendAppVisibilityToClients:19 com.android.server.wm.WindowToken.setClientVisible:48 com.android.server.wm.ActivityRecord.commitVisibility:186 com.android.server.wm.TransitionController.finishTransition:846 com.android.server.wm.WindowOrganizerController.finishTransitionInner:31 
02-26 16:52:33.261  3490  6168 D ChangeTransitionController:    ChangeInfo{7e7710b container=Task{d5a5e #2431 type=standard A=10562:com.bydstats.app} flags=0x0}
02-26 16:52:33.261 13857 13857 I VRI[GoogleSignInActivity]@2363bd8: handleAppVisibility mAppVisible = true visible = false
02-26 16:52:33.262  3490  6163 D BLASTSyncEngine: SyncGroup 5165: Set ready true, caller=com.android.server.wm.BLASTSyncEngine.setReady:32 com.android.server.wm.Transition.applyReady:54 com.android.server.wm.Transition.start:105 com.android.server.wm.WindowOrganizerController.startTransition:47 com.android.server.wm.WindowOrganizerController.startTransition:1 android.window.IWindowOrganizerController$Stub.onTransact:259 
02-26 16:52:33.263  1817  1817 D SurfaceFlinger:        DEVICE |           82051055222785 | 00002102 | RGBA_8888    |    0.0    0.0 1440.0 3088.0 |    0    0 1440 3088 | com.bydstats.app/com.bydstats.app.MainActivity$_19104#196680 (28)
02-26 16:52:33.263  1817  1817 D SurfaceFlinger:        DEVICE |           21015274990514 | 00002100 | RGBA_8888    |    0.0    0.0   67.0  374.0 |    0  369   67  743 | com.sec.android.app.launcher/com.sam[...].app.CocktailBarService$_4893#196567 (1)
