02-26 16:52:33.264  3490  3762 I ImeTracker: com.bydstats.app:69a6e206: onRequestHide at ORIGIN_SERVER reason HIDE_UNSPECIFIED_WINDOW fromUser false
02-26 16:52:33.264  3490  3762 V InputMethodManagerService: applyImeVisibility state=6
02-26 16:52:33.265 19104 19104 I ImeTracker: com.bydstats.app:69a6e206: onCancelled at PHASE_CLIENT_ALREADY_HIDDEN
02-26 16:52:33.265 19299 19299 I CMHApplication: [#CMH#] Block to verify, Change Trim Memory Level: 40 
02-26 16:52:33.266  3490  3537 D SurfaceComposerClient: setCornerRadius ## 9a9672d com.bydstats.app/com.bydstats.app.MainActivity#196679 cornerRadius=0.000000
02-26 16:52:33.266  3490  3537 D ChangeTransitionController:    ChangeInfo{efcf6f4 container=Task{d5a5e #2431 type=standard A=10562:com.bydstats.app} flags=0x0}
02-26 16:52:33.267  6731  9936 I Routine@Core[4.9.04.13]: Pref: putSharedPrefsData: key=condition_launch_app_data_resume_pkg, data.size=100
02-26 16:52:33.268  3490  6163 D SurfaceComposerClient: setCornerRadius ## 9a9672d com.bydstats.app/com.bydstats.app.MainActivity#196679 cornerRadius=0.000000
02-26 16:52:33.269  3490  6163 D SurfaceComposerClient: setCornerRadius ## 9a9672d com.bydstats.app/com.bydstats.app.MainActivity#196679 cornerRadius=0.000000
02-26 16:52:33.269  3490  6163 I WindowManager: Relayout hash=155d9af, pid=13857, syncId=-1: mAttrs={(0,0)(wrapxwrap) gr=CENTER sim={adjust=pan forwardNavigation} ty=APPLICATION fmt=TRANSLUCENT wanim=0x7f160033 surfaceInsets=Rect(112, 112 - 112, 112)
02-26 16:52:33.269  4450  4530 I SurfaceControlRegistry: apply, t=StartTransaction_SyncId<5165>, caller=android.view.SurfaceControl$Transaction.apply:3459 android.view.SurfaceControl$Transaction.apply:3447 android.view.SurfaceControl$Transaction.apply:3397 com.android.wm.shell.transition.DefaultTransitionHandler.startAnimation:3387 com.android.wm.shell.transition.Transitions.dispatchTransition:90 com.android.wm.shell.transition.Transitions.playTransition:774 
02-26 16:52:33.269  4450  4530 I SurfaceControlRegistry: apply, t=FinishTransaction_SyncId<5165>, caller=android.view.SurfaceControl$Transaction.apply:3459 android.view.SurfaceControl$Transaction.apply:3447 android.view.SurfaceControl$Transaction.apply:3397 com.android.wm.shell.transition.Transitions.onFinish:315 com.android.wm.shell.transition.Transitions$$ExternalSyntheticLambda7.onTransitionFinished:12 com.android.wm.shell.transition.DefaultTransitionHandler$$ExternalSyntheticLambda2.run:36 
02-26 16:52:33.271  3490  4676 V WindowManager:    ChangeInfo{efcf6f4 container=Task{d5a5e #2431 type=standard A=10562:com.bydstats.app} flags=0x0}
02-26 16:52:33.271  1817  1817 D SurfaceFlinger:        DEVICE |           82051055222785 | 00002102 | RGBA_8888    |    0.0    0.0 1440.0 3088.0 |    0    0 1440 3088 | com.bydstats.app/com.bydstats.app.MainActivity$_19104#196680 (28)
02-26 16:52:33.271  1817  1817 D SurfaceFlinger:        DEVICE |           21015274990514 | 00002100 | RGBA_8888    |    0.0    0.0   67.0  374.0 |    0  369   67  743 | com.sec.android.app.launcher/com.sam[...].app.CocktailBarService$_4893#196567 (1)
02-26 16:52:33.272  3490  4676 V WindowManager: Setting visibility of Window{6e0f954 u0 com.android.credentialmanager/com.android.credentialmanager.CredentialSelectorActivity}: false, caller=com.android.server.wm.WindowContainer.sendAppVisibilityToClients:19 com.android.server.wm.WindowToken.setClientVisible:48 com.android.server.wm.ActivityRecord.commitVisibility:186 com.android.server.wm.TransitionController.finishTransition:846 com.android.server.wm.WindowOrganizerController.finishTransitionInner:31 
02-26 16:52:33.272  3490  4676 D ChangeTransitionController:    ChangeInfo{efcf6f4 container=Task{d5a5e #2431 type=standard A=10562:com.bydstats.app} flags=0x0}
02-26 16:52:33.272 13857 13857 D VRI[GoogleSignInActivity]@2363bd8: Not drawing due to not visible. Reason=!mAppVisible && !mForceDecorViewVisibility
02-26 16:52:33.274  9704  9704 I VRI[CredentialSelectorActivity]@57405ae: handleAppVisibility mAppVisible = true visible = false
02-26 16:52:33.275  4893  4893 I HoneySpace.EdgePanel.EdgePanelContainerViewModel: cocktailHostRepository.edgePanelOperation NoteResumeComponent(componentName=ComponentInfo{com.bydstats.app/com.bydstats.app.MainActivity})
02-26 16:52:33.275  4893  4893 I HoneySpace.EdgePanel.ActivityUtils: HomePackage : app.lawnchair.play, resumePackageName : com.bydstats.app, className : com.bydstats.app.MainActivity
02-26 16:52:33.276  3490  6070 D InsetsSourceProvider: updateControlForTarget: control=InsetsSourceControl: {3 mType=ime mSurfacePosition=Point(720, 3088) mInsetsHint=Insets{left=0, top=0, right=0, bottom=1173}}, target=Window{9a9672d u0 com.bydstats.app/com.bydstats.app.MainActivity}, from=com.android.server.wm.ImeInsetsSourceProvider.updateControlForTarget:17 com.android.server.wm.InsetsStateController.onControlTargetChanged:83 com.android.server.wm.DisplayContent.updateImeControlTarget:21 com.android.server.wm.DisplayContent.updateImeInputAndControlTarget:156 com.android.server.wm.WindowManagerService$LocalService.updateInputMethodTargetWindow:64 
02-26 16:52:33.277  3490  3536 D SGM:FgCheckThread: noteResumeComponent(), received pkgName: com.bydstats.app, userId: 0
02-26 16:52:33.277 24790 24790 I GoogleInputMethodService: GoogleInputMethodService.onStartInput():1384 onStartInput(EditorInfo{EditorInfo{packageName=com.bydstats.app, inputType=0, inputTypeString=NULL, enableLearning=false, autoCorrection=false, autoComplete=false, imeOptions=12000000, privateImeOptions=null, actionName=UNSPECIFIED, actionLabel=null, initialSelStart=-1, initialSelEnd=-1, initialCapsMode=0, label=null, fieldId=0, fieldName=null, extras=Bundle[{appShowRequested=false, isTextEditor=false, displayId=0}], hintText=null, hintLocales=[]}}, false)
02-26 16:52:33.277  6731  9936 I Routine@Core[4.9.04.13]: ActivityWatcherListenerImpl: onResumeComponent: componentName - com.bydstats.app, com.bydstats.app.MainActivity, userId: 0
02-26 16:52:33.277  3490  3537 D WindowManager: updateSystemBarAttributes: displayId=0, focusedCanBeNavColorWin=false, win=Window{9a9672d u0 com.bydstats.app/com.bydstats.app.MainActivity}, navColorWin=null, caller=com.android.server.wm.DisplayPolicy.finishPostLayoutPolicyLw:17 com.android.server.wm.RootWindowContainer.applySurfaceChangesTransaction$1:195 com.android.server.wm.RootWindowContainer.performSurfacePlacementNoTrace:59 
02-26 16:52:33.277  3490  3537 D WindowManager: updateSystemBarAttributes, bhv=1, apr=520, statusBarAprRegions=[AppearanceRegion{LIGHT_STATUS_BARS bounds=[0,0][1440,3088]}], requestedVisibilities=-9
02-26 16:52:33.277  3490  3537 D SurfaceComposerClient: setCornerRadius ## 9a9672d com.bydstats.app/com.bydstats.app.MainActivity#196679 cornerRadius=0.000000
02-26 16:52:33.277  6731  9936 I Routine@Core[4.9.04.13]: Pref: putSharedPrefsData: key=condition_launch_app_data_resume_pkg, data.size=149
02-26 16:52:33.278  3490  4676 W PackageConfigPersister: App-specific configuration not found for packageName: com.bydstats.app and userId: 0
02-26 16:52:33.278  3490  3769 D SGM:FgCheckThread: onLooperPrepared(), msg: MSG_APP_RESUME, pkgName: com.bydstats.app, userid: 0
02-26 16:52:33.278  3490  3769 D SGM:FgCheckThread: sendFocusOutConditionally() - mPrevNotiPkg: com.sec.android.app.samsungapps, userId: 0
02-26 16:52:33.278  3490  3769 D SGM:FgCheckThread:   handleResume(). pkgName: com.bydstats.app, userId: 0, category: non-game
02-26 16:52:33.278  3490  3769 D SGM:FgCheckThread: notifyFocusInOut(). of pkg: com.bydstats.app, type: 4, isSecGameFamily: false, userId: 0
02-26 16:52:33.279  4450  4450 D SamsungLightBarControlHelper: onStatusBarAppearanceChanged() -  sbModeChanged:false, statusBarMode:0, barState:MODE_TRANSPARENT, isKeyguardShowing:false, navbarColorManagedByIme:false, (AppearanceRegion{LIGHT_STATUS_BARS bounds=[0,0][1440,3088]}, )
02-26 16:52:33.280  1817  1817 D SurfaceFlinger:        DEVICE |           82051055222785 | 00002102 | RGBA_8888    |    0.0    0.0 1440.0 3088.0 |    0    0 1440 3088 | com.bydstats.app/com.bydstats.app.MainActivity$_19104#196680 (28)
02-26 16:52:33.280  1817  1817 D SurfaceFlinger:        DEVICE |           21015274990514 | 00002100 | RGBA_8888    |    0.0    0.0   67.0  374.0 |    0  369   67  743 | com.sec.android.app.launcher/com.sam[...].app.CocktailBarService$_4893#196567 (1)
02-26 16:52:33.283  3490  4362 D SurfaceComposerClient: setCornerRadius ## 9a9672d com.bydstats.app/com.bydstats.app.MainActivity#196679 cornerRadius=0.000000
02-26 16:52:33.283  6368  9202 I SDHMS:k : handleResumeComponent : put = com.bydstats.app, userid = 0 instanceid =166481471
02-26 16:52:33.284  3490  4362 D SurfaceComposerClient: setCornerRadius ## 9a9672d com.bydstats.app/com.bydstats.app.MainActivity#196679 cornerRadius=0.000000
02-26 16:52:33.284  3490  4362 I WindowManager: Relayout hash=6e0f954, pid=9704, syncId=-1: mAttrs={(0,0)(wrapxwrap) gr=BOTTOM CENTER_VERTICAL sim={adjust=pan forwardNavigation} ty=BASE_APPLICATION fmt=TRANSLUCENT wanim=0x1030309 surfaceInsets=Rect(7, 7 - 7, 7)
02-26 16:52:33.286  1817  1817 I SurfaceFlinger: [LayerHierarchy{RequestedLayerState{ImeContainer#128677 parentId=196672 relativeParentId=196679 z=1} 1 children}] reparent to LayerHierarchy{RequestedLayerState{ActivityRecord{94279577 u0 com.bydstats.app/.MainActivity t2431}#196672 parentId=196671} 3 children}
02-26 16:52:33.286  1817  1817 I SurfaceFlinger: [LayerHierarchy{RequestedLayerState{ImeContainer#128677 parentId=196672 relativeParentId=196679 z=1} 1 children}] RelativeParent to LayerHierarchy{RequestedLayerState{9a9672d com.bydstats.app/com.bydstats.app.MainActivity#196679 parentId=196672} 2 children}
02-26 16:52:33.286  9704  9704 D VRI[CredentialSelectorActivity]@57405ae: Not drawing due to not visible. Reason=!mAppVisible && !mForceDecorViewVisibility
02-26 16:52:33.289  3490  3537 D SurfaceComposerClient: setCornerRadius ## 9a9672d com.bydstats.app/com.bydstats.app.MainActivity#196679 cornerRadius=0.000000
02-26 16:52:33.290 13857 13857 W WindowOnBackDispatcher: sendCancelIfRunning: isInProgress=false callback=android.app.Activity$$ExternalSyntheticLambda0@e071487
02-26 16:52:33.291 13857 13857 I WindowManager: WindowManagerGlobal#removeView, ty=2, view=com.android.internal.policy.DecorView{3e48abb G.E...... R.....ID 0,0-1366,1000 aid=25}[GoogleSignInActivity], caller=android.view.WindowManagerGlobal.removeView:654 android.view.WindowManagerImpl.removeViewImmediate:216 android.app.Dialog.dismissDialog:850 
02-26 16:52:33.291 13857 13857 W WindowOnBackDispatcher: sendCancelIfRunning: isInProgress=false callback=android.app.Dialog$$ExternalSyntheticLambda4@d79cdee
02-26 16:52:33.292  3490  3534 D SGM:GameManager: identifyForegroundApp. com.bydstats.app, mCurrentUserId: 0, callerUserId: 0
02-26 16:52:33.292  3490  3534 D SGM:GameManager: identifyForegroundApp. com.bydstats.app, mCurrentUserId: 0, callerUserId: 0
02-26 16:52:33.292  3490  3536 I DisplayDeviceRepository: Display device changed render timings: "Pantalla integrada", renderFrameRate=120.00001, presentationDeadlineNanos=9233333, appVsyncOffsetNanos=8333333, frameRateOverrides=[]
02-26 16:52:33.292  3490  3534 D SGM:GameManager: identifyForegroundApp. com.bydstats.app, mCurrentUserId: 0, callerUserId: 0
02-26 16:52:33.292  3490  3534 D SGM:GameManager: identifyForegroundApp. com.bydstats.app, mCurrentUserId: 0, callerUserId: 0
02-26 16:52:33.293  3490  4362 V WindowManager: Remove Window{155d9af u0 com.google.android.gms/com.google.android.gms.auth.api.credentials.assistedsignin.ui.GoogleSignInActivity}: mSurfaceControl=Surface(name=com.google.android.gms/com.google.android.gms.auth.api.credentials.assistedsignin.ui.GoogleSignInActivity$_13857)/@0xad952bb mAnimatingExit=false mRemoveOnExit=false mHasSurface=true surfaceShowing=false animating=false app-animation=false callers=com.android.server.wm.Session.remove:16 android.view.IWindowSession$Stub.onTransact:804 com.android.server.wm.Session.onTransact:1 android.os.Binder.execTransactInternal:1457 android.os.Binder.execTransact:1401 <bottom of call stack> 
02-26 16:52:33.293  3490  4362 D SurfaceComposerClient: setCornerRadius ## 9a9672d com.bydstats.app/com.bydstats.app.MainActivity#196679 cornerRadius=0.000000
02-26 16:52:33.293  3490  4362 D SurfaceComposerClient: setCornerRadius ## 9a9672d com.bydstats.app/com.bydstats.app.MainActivity#196679 cornerRadius=0.000000
02-26 16:52:33.295  9704  9704 W WindowOnBackDispatcher: sendCancelIfRunning: isInProgress=false callback=android.app.Activity$$ExternalSyntheticLambda0@7feceba
02-26 16:52:33.298  3490  4362 V WindowManager: Remove Window{6e0f954 u0 com.android.credentialmanager/com.android.credentialmanager.CredentialSelectorActivity}: mSurfaceControl=Surface(name=com.android.credentialmanager/com.android.credentialmanager.CredentialSelectorActivity$_9704)/@0x9405f97 mAnimatingExit=false mRemoveOnExit=false mHasSurface=true surfaceShowing=false animating=false app-animation=false callers=com.android.server.wm.Session.remove:16 android.view.IWindowSession$Stub.onTransact:804 com.android.server.wm.Session.onTransact:1 android.os.Binder.execTransactInternal:1457 android.os.Binder.execTransact:1401 <bottom of call stack> 
02-26 16:52:33.298  3490  4362 D SurfaceComposerClient: setCornerRadius ## 9a9672d com.bydstats.app/com.bydstats.app.MainActivity#196679 cornerRadius=0.000000
02-26 16:52:33.298  3490  4362 D SurfaceComposerClient: setCornerRadius ## 9a9672d com.bydstats.app/com.bydstats.app.MainActivity#196679 cornerRadius=0.000000
02-26 16:52:33.299  3490  3537 D SurfaceComposerClient: setCornerRadius ## 9a9672d com.bydstats.app/com.bydstats.app.MainActivity#196679 cornerRadius=0.000000
02-26 16:52:33.299  3490  3537 D SurfaceComposerClient: setCornerRadius ## 9a9672d com.bydstats.app/com.bydstats.app.MainActivity#196679 cornerRadius=0.000000
02-26 16:52:33.300  3490  3536 D SGM:FgCheckThread: getForegroundApp(), foregroundPkgName=com.bydstats.app
02-26 16:52:33.301  3490  3536 D SGM:FgCheckThread: noteStopComponent(), received pkgName: com.android.credentialmanager, focusedPkgName: com.bydstats.app, userId: 0
02-26 16:52:33.302  3490  6168 V WindowManager: Remove Window{7e1db8f u0 com.google.android.gms/com.google.android.gms.auth.api.credentials.assistedsignin.ui.GoogleSignInActivity}: mSurfaceControl=Surface(name=com.google.android.gms/com.google.android.gms.auth.api.credentials.assistedsignin.ui.GoogleSignInActivity$_13857)/@0x422465a mAnimatingExit=false mRemoveOnExit=false mHasSurface=true surfaceShowing=false animating=false app-animation=false callers=com.android.server.wm.Session.remove:16 android.view.IWindowSession$Stub.onTransact:804 com.android.server.wm.Session.onTransact:1 android.os.Binder.execTransactInternal:1457 android.os.Binder.execTransact:1401 <bottom of call stack> 
02-26 16:52:33.302  6731 11872 I Routine@Core[4.9.04.13]: Pref: putSharedPrefsData: key=condition_launch_app_data_resume_pkg, data.size=149
02-26 16:52:33.302  3490  6168 D SurfaceComposerClient: setCornerRadius ## 9a9672d com.bydstats.app/com.bydstats.app.MainActivity#196679 cornerRadius=0.000000
02-26 16:52:33.302  3490  6168 D SurfaceComposerClient: setCornerRadius ## 9a9672d com.bydstats.app/com.bydstats.app.MainActivity#196679 cornerRadius=0.000000
02-26 16:52:33.305 13857 13857 I VRI[GoogleSignInActivity]@cd5b9a2: handleAppVisibility mAppVisible = true visible = false
02-26 16:52:33.306  3490  3536 D SGM:FgCheckThread: getForegroundApp(), foregroundPkgName=com.bydstats.app
02-26 16:52:33.308  3490  6168 D SGM:GameManager: identifyForegroundApp. com.bydstats.app, mCurrentUserId: 0, callerUserId: 0
02-26 16:52:33.308  6731 11872 I Routine@Core[4.9.04.13]: Pref: putSharedPrefsData: key=condition_launch_app_data_resume_pkg, data.size=149
02-26 16:52:33.309 19299 19333 I PolicyManager: [#CMH#] Is foreground game app: false
02-26 16:52:33.333  3490  6168 D SGM:GameManager: identifyForegroundApp. com.bydstats.app, mCurrentUserId: 0, callerUserId: 0
02-26 16:52:33.333 19299 19333 I PolicyManager: [#CMH#] Is foreground game app: false
02-26 16:52:33.340 19104 19104 I View    : setRequestedFrameRate frameRate=-4.0, this=com.getcapacitor.CapacitorWebView{dce823f VFEDHVC.. .F...... 0,0-1440,3088 #7f0900ee app:id/webview aid=1073741824}, caller=android.view.ViewGroup.setRequestedFrameRate:9952 WV.rf.p:1 WV.rg.h:118 WV.rg.onDraw:7 com.android.webview.chromium.WebViewChromium.onDraw:19 
02-26 16:52:33.346 19104 19104 I View    : setRequestedFrameRate frameRate=-4.0, this=com.getcapacitor.CapacitorWebView{dce823f VFEDHVC.. .F...... 0,0-1440,3088 #7f0900ee app:id/webview aid=1073741824}, caller=android.view.ViewGroup.setRequestedFrameRate:9952 WV.rf.p:1 WV.rg.h:118 WV.rg.onDraw:7 com.android.webview.chromium.WebViewChromium.onDraw:19 
02-26 16:52:33.352 19299 19299 I CMHApplication: [#CMH#] Block to verify, Change Trim Memory Level: 40 
02-26 16:52:33.354 19104 19104 I View    : setRequestedFrameRate frameRate=-4.0, this=com.getcapacitor.CapacitorWebView{dce823f VFEDHVC.. .F...... 0,0-1440,3088 #7f0900ee app:id/webview aid=1073741824}, caller=android.view.ViewGroup.setRequestedFrameRate:9952 WV.rf.p:1 WV.rg.h:118 WV.rg.onDraw:7 com.android.webview.chromium.WebViewChromium.onDraw:19 
02-26 16:52:33.368  3490  4077 D SGM:GameManager: identifyGamePackage. com.bydstats.app, mCurrentUserId: 0, callingMethodInfo: com.samsung.android.game.IGameManagerService$Stub.onTransact(IGameManagerService.java:247)
02-26 16:52:33.373 19104 19104 I View    : setRequestedFrameRate frameRate=-4.0, this=com.getcapacitor.CapacitorWebView{dce823f VFEDHVC.. .F...... 0,0-1440,3088 #7f0900ee app:id/webview aid=1073741824}, caller=android.view.ViewGroup.setRequestedFrameRate:9952 WV.rf.p:1 WV.rg.h:118 WV.rg.onDraw:7 com.android.webview.chromium.WebViewChromium.onDraw:19 
02-26 16:52:33.380 19104 19104 I View    : setRequestedFrameRate frameRate=-4.0, this=com.getcapacitor.CapacitorWebView{dce823f VFEDHVC.. .F...... 0,0-1440,3088 #7f0900ee app:id/webview aid=1073741824}, caller=android.view.ViewGroup.setRequestedFrameRate:9952 WV.rf.p:1 WV.rg.h:118 WV.rg.onDraw:7 com.android.webview.chromium.WebViewChromium.onDraw:19 
02-26 16:52:33.406 19104 19104 I View    : setRequestedFrameRate frameRate=-4.0, this=com.getcapacitor.CapacitorWebView{dce823f VFEDHVC.. .F...... 0,0-1440,3088 #7f0900ee app:id/webview aid=1073741824}, caller=android.view.ViewGroup.setRequestedFrameRate:9952 WV.rf.p:1 WV.rg.h:118 WV.rg.onDraw:7 com.android.webview.chromium.WebViewChromium.onDraw:19 
02-26 16:52:33.422  3490  3854 D MdnieScenarioControlService:  packageName : com.bydstats.app    className : com.bydstats.app.MainActivity
02-26 16:52:33.451 19104 19104 I View    : setRequestedFrameRate frameRate=-4.0, this=com.getcapacitor.CapacitorWebView{dce823f VFEDHVC.. .F...... 0,0-1440,3088 #7f0900ee app:id/webview aid=1073741824}, caller=android.view.ViewGroup.setRequestedFrameRate:9952 WV.rf.p:1 WV.rg.h:118 WV.rg.onDraw:7 com.android.webview.chromium.WebViewChromium.onDraw:19 
02-26 16:52:33.462 19104 19104 I View    : setRequestedFrameRate frameRate=-4.0, this=com.getcapacitor.CapacitorWebView{dce823f VFEDHVC.. .F...... 0,0-1440,3088 #7f0900ee app:id/webview aid=1073741824}, caller=android.view.ViewGroup.setRequestedFrameRate:9952 WV.rf.p:1 WV.rg.h:118 WV.rg.onDraw:7 com.android.webview.chromium.WebViewChromium.onDraw:19 
02-26 16:52:33.470 19104 19104 I View    : setRequestedFrameRate frameRate=-4.0, this=com.getcapacitor.CapacitorWebView{dce823f VFEDHVC.. .F...... 0,0-1440,3088 #7f0900ee app:id/webview aid=1073741824}, caller=android.view.ViewGroup.setRequestedFrameRate:9952 WV.rf.p:1 WV.rg.h:118 WV.rg.onDraw:7 com.android.webview.chromium.WebViewChromium.onDraw:19 
02-26 16:52:33.478 19104 19104 I View    : setRequestedFrameRate frameRate=-4.0, this=com.getcapacitor.CapacitorWebView{dce823f VFEDHVC.. .F...... 0,0-1440,3088 #7f0900ee app:id/webview aid=1073741824}, caller=android.view.ViewGroup.setRequestedFrameRate:9952 WV.rf.p:1 WV.rg.h:118 WV.rg.onDraw:7 com.android.webview.chromium.WebViewChromium.onDraw:19 
02-26 16:52:33.487 19104 19104 I View    : setRequestedFrameRate frameRate=-4.0, this=com.getcapacitor.CapacitorWebView{dce823f VFEDHVC.. .F...... 0,0-1440,3088 #7f0900ee app:id/webview aid=1073741824}, caller=android.view.ViewGroup.setRequestedFrameRate:9952 WV.rf.p:1 WV.rg.h:118 WV.rg.onDraw:7 com.android.webview.chromium.WebViewChromium.onDraw:19 
02-26 16:52:33.495 19104 19104 I View    : setRequestedFrameRate frameRate=-4.0, this=com.getcapacitor.CapacitorWebView{dce823f VFEDHVC.. .F...... 0,0-1440,3088 #7f0900ee app:id/webview aid=1073741824}, caller=android.view.ViewGroup.setRequestedFrameRate:9952 WV.rf.p:1 WV.rg.h:118 WV.rg.onDraw:7 com.android.webview.chromium.WebViewChromium.onDraw:19 
02-26 16:52:33.552  3490  6168 W ActivityManager: pid 19299 com.samsung.cmh sent binder code 21 with flags 2 to frozen apps and got error -2147483646
02-26 16:52:33.776  3490  3536 D SGM:GameManager: identifyForegroundApp. com.bydstats.app, mCurrentUserId: 0, callerUserId: 0
02-26 16:52:34.936  1817  1817 I SurfaceFlinger: [com.bydstats.app/com.bydstats.app.MainActivity$_19104#196680] setFrameRateCategory: NoPreference
02-26 16:52:35.077  3490  4055 I Pageboost: Launcher App Execution
02-26 16:52:35.144  3490  4055 I Pageboost: Launcher App Execution
02-26 16:52:35.267  3490  3940 D SemWifiSwitchForIndividualAppsService: TMI window: 2026-02-26 16:52:29 syn=2, rto=0, cwnd=1
02-26 16:52:35.267  3490  3940 D SemWifiSwitchForIndividualAppsService: TMI window: 2026-02-26 16:52:30 syn=2, rto=0, cwnd=1
02-26 16:52:35.267  3490  3940 D SemWifiSwitchForIndividualAppsService: TMI window: 2026-02-26 16:52:31 syn=2, rto=0, cwnd=1
02-26 16:52:35.267  3490  3940 D SemWifiSwitchForIndividualAppsService: TMI window: 2026-02-26 16:52:33 syn=2, rto=0, cwnd=1
02-26 16:52:35.267  3490  3940 D SemWifiSwitchForIndividualAppsService: TMI window: 2026-02-26 16:52:34 syn=2, rto=0, cwnd=1
02-26 16:52:35.973 19104 19104 I View    : setRequestedFrameRate frameRate=-4.0, this=com.getcapacitor.CapacitorWebView{dce823f VFEDHVC.. .F...... 0,0-1440,3088 #7f0900ee app:id/webview aid=1073741824}, caller=android.view.ViewGroup.setRequestedFrameRate:9952 WV.rf.p:1 WV.rg.h:118 WV.rg.onDraw:7 com.android.webview.chromium.WebViewChromium.onDraw:19 
02-26 16:52:35.982 19104 19104 I View    : setRequestedFrameRate frameRate=-4.0, this=com.getcapacitor.CapacitorWebView{dce823f VFEDHVC.. .F...... 0,0-1440,3088 #7f0900ee app:id/webview aid=1073741824}, caller=android.view.ViewGroup.setRequestedFrameRate:9952 WV.rf.p:1 WV.rg.h:118 WV.rg.onDraw:7 com.android.webview.chromium.WebViewChromium.onDraw:19 
02-26 16:52:35.990 19104 19104 I View    : setRequestedFrameRate frameRate=-4.0, this=com.getcapacitor.CapacitorWebView{dce823f VFEDHVC.. .F...... 0,0-1440,3088 #7f0900ee app:id/webview aid=1073741824}, caller=android.view.ViewGroup.setRequestedFrameRate:9952 WV.rf.p:1 WV.rg.h:118 WV.rg.onDraw:7 com.android.webview.chromium.WebViewChromium.onDraw:19 
02-26 16:52:35.998 19104 19104 I View    : setRequestedFrameRate frameRate=-4.0, this=com.getcapacitor.CapacitorWebView{dce823f VFEDHVC.. .F...... 0,0-1440,3088 #7f0900ee app:id/webview aid=1073741824}, caller=android.view.ViewGroup.setRequestedFrameRate:9952 WV.rf.p:1 WV.rg.h:118 WV.rg.onDraw:7 com.android.webview.chromium.WebViewChromium.onDraw:19 
02-26 16:52:36.077 19104 19104 I View    : setRequestedFrameRate frameRate=-4.0, this=com.getcapacitor.CapacitorWebView{dce823f VFEDHVC.. .F...... 0,0-1440,3088 #7f0900ee app:id/webview aid=1073741824}, caller=android.view.ViewGroup.setRequestedFrameRate:9952 WV.rf.p:1 WV.rg.h:118 WV.rg.onDraw:7 com.android.webview.chromium.WebViewChromium.onDraw:19 
02-26 16:52:36.082 19104 19104 I View    : setRequestedFrameRate frameRate=-4.0, this=com.getcapacitor.CapacitorWebView{dce823f VFEDHVC.. .F...... 0,0-1440,3088 #7f0900ee app:id/webview aid=1073741824}, caller=android.view.ViewGroup.setRequestedFrameRate:9952 WV.rf.p:1 WV.rg.h:118 WV.rg.onDraw:7 com.android.webview.chromium.WebViewChromium.onDraw:19 
02-26 16:52:36.092 19104 19104 I View    : setRequestedFrameRate frameRate=-4.0, this=com.getcapacitor.CapacitorWebView{dce823f VFEDHVC.. .F...... 0,0-1440,3088 #7f0900ee app:id/webview aid=1073741824}, caller=android.view.ViewGroup.setRequestedFrameRate:9952 WV.rf.p:1 WV.rg.h:118 WV.rg.onDraw:7 com.android.webview.chromium.WebViewChromium.onDraw:19 
02-26 16:52:36.099 19104 19104 I View    : setRequestedFrameRate frameRate=-4.0, this=com.getcapacitor.CapacitorWebView{dce823f VFEDHVC.. .F...... 0,0-1440,3088 #7f0900ee app:id/webview aid=1073741824}, caller=android.view.ViewGroup.setRequestedFrameRate:9952 WV.rf.p:1 WV.rg.h:118 WV.rg.onDraw:7 com.android.webview.chromium.WebViewChromium.onDraw:19 
02-26 16:52:36.107 19104 19104 I View    : setRequestedFrameRate frameRate=-4.0, this=com.getcapacitor.CapacitorWebView{dce823f VFEDHVC.. .F...... 0,0-1440,3088 #7f0900ee app:id/webview aid=1073741824}, caller=android.view.ViewGroup.setRequestedFrameRate:9952 WV.rf.p:1 WV.rg.h:118 WV.rg.onDraw:7 com.android.webview.chromium.WebViewChromium.onDraw:19 
02-26 16:52:36.115 19104 19104 I View    : setRequestedFrameRate frameRate=-4.0, this=com.getcapacitor.CapacitorWebView{dce823f VFEDHVC.. .F...... 0,0-1440,3088 #7f0900ee app:id/webview aid=1073741824}, caller=android.view.ViewGroup.setRequestedFrameRate:9952 WV.rf.p:1 WV.rg.h:118 WV.rg.onDraw:7 com.android.webview.chromium.WebViewChromium.onDraw:19 
02-26 16:52:36.124 19104 19104 I View    : setRequestedFrameRate frameRate=-4.0, this=com.getcapacitor.CapacitorWebView{dce823f VFEDHVC.. .F...... 0,0-1440,3088 #7f0900ee app:id/webview aid=1073741824}, caller=android.view.ViewGroup.setRequestedFrameRate:9952 WV.rf.p:1 WV.rg.h:118 WV.rg.onDraw:7 com.android.webview.chromium.WebViewChromium.onDraw:19 
02-26 16:52:36.132 19104 19104 I View    : setRequestedFrameRate frameRate=-4.0, this=com.getcapacitor.CapacitorWebView{dce823f VFEDHVC.. .F...... 0,0-1440,3088 #7f0900ee app:id/webview aid=1073741824}, caller=android.view.ViewGroup.setRequestedFrameRate:9952 WV.rf.p:1 WV.rg.h:118 WV.rg.onDraw:7 com.android.webview.chromium.WebViewChromium.onDraw:19 
02-26 16:52:36.141 19104 19104 I View    : setRequestedFrameRate frameRate=-4.0, this=com.getcapacitor.CapacitorWebView{dce823f VFEDHVC.. .F...... 0,0-1440,3088 #7f0900ee app:id/webview aid=1073741824}, caller=android.view.ViewGroup.setRequestedFrameRate:9952 WV.rf.p:1 WV.rg.h:118 WV.rg.onDraw:7 com.android.webview.chromium.WebViewChromium.onDraw:19 
02-26 16:52:36.149 19104 19104 I View    : setRequestedFrameRate frameRate=-4.0, this=com.getcapacitor.CapacitorWebView{dce823f VFEDHVC.. .F...... 0,0-1440,3088 #7f0900ee app:id/webview aid=1073741824}, caller=android.view.ViewGroup.setRequestedFrameRate:9952 WV.rf.p:1 WV.rg.h:118 WV.rg.onDraw:7 com.android.webview.chromium.WebViewChromium.onDraw:19 
02-26 16:52:36.157 19104 19104 I View    : setRequestedFrameRate frameRate=-4.0, this=com.getcapacitor.CapacitorWebView{dce823f VFEDHVC.. .F...... 0,0-1440,3088 #7f0900ee app:id/webview aid=1073741824}, caller=android.view.ViewGroup.setRequestedFrameRate:9952 WV.rf.p:1 WV.rg.h:118 WV.rg.onDraw:7 com.android.webview.chromium.WebViewChromium.onDraw:19 
02-26 16:52:36.167 19104 19104 I View    : setRequestedFrameRate frameRate=-4.0, this=com.getcapacitor.CapacitorWebView{dce823f VFEDHVC.. .F...... 0,0-1440,3088 #7f0900ee app:id/webview aid=1073741824}, caller=android.view.ViewGroup.setRequestedFrameRate:9952 WV.rf.p:1 WV.rg.h:118 WV.rg.onDraw:7 com.android.webview.chromium.WebViewChromium.onDraw:19 
02-26 16:52:36.174 19104 19104 I View    : setRequestedFrameRate frameRate=-4.0, this=com.getcapacitor.CapacitorWebView{dce823f VFEDHVC.. .F...... 0,0-1440,3088 #7f0900ee app:id/webview aid=1073741824}, caller=android.view.ViewGroup.setRequestedFrameRate:9952 WV.rf.p:1 WV.rg.h:118 WV.rg.onDraw:7 com.android.webview.chromium.WebViewChromium.onDraw:19 
02-26 16:52:36.182 19104 19104 I View    : setRequestedFrameRate frameRate=-4.0, this=com.getcapacitor.CapacitorWebView{dce823f VFEDHVC.. .F...... 0,0-1440,3088 #7f0900ee app:id/webview aid=1073741824}, caller=android.view.ViewGroup.setRequestedFrameRate:9952 WV.rf.p:1 WV.rg.h:118 WV.rg.onDraw:7 com.android.webview.chromium.WebViewChromium.onDraw:19 
02-26 16:52:36.190 19104 19104 I View    : setRequestedFrameRate frameRate=-4.0, this=com.getcapacitor.CapacitorWebView{dce823f VFEDHVC.. .F...... 0,0-1440,3088 #7f0900ee app:id/webview aid=1073741824}, caller=android.view.ViewGroup.setRequestedFrameRate:9952 WV.rf.p:1 WV.rg.h:118 WV.rg.onDraw:7 com.android.webview.chromium.WebViewChromium.onDraw:19 
02-26 16:52:36.199 19104 19104 I View    : setRequestedFrameRate frameRate=-4.0, this=com.getcapacitor.CapacitorWebView{dce823f VFEDHVC.. .F...... 0,0-1440,3088 #7f0900ee app:id/webview aid=1073741824}, caller=android.view.ViewGroup.setRequestedFrameRate:9952 WV.rf.p:1 WV.rg.h:118 WV.rg.onDraw:7 com.android.webview.chromium.WebViewChromium.onDraw:19 
02-26 16:52:36.207 19104 19104 I View    : setRequestedFrameRate frameRate=-4.0, this=com.getcapacitor.CapacitorWebView{dce823f VFEDHVC.. .F...... 0,0-1440,3088 #7f0900ee app:id/webview aid=1073741824}, caller=android.view.ViewGroup.setRequestedFrameRate:9952 WV.rf.p:1 WV.rg.h:118 WV.rg.onDraw:7 com.android.webview.chromium.WebViewChromium.onDraw:19 
02-26 16:52:36.215 19104 19104 I View    : setRequestedFrameRate frameRate=-4.0, this=com.getcapacitor.CapacitorWebView{dce823f VFEDHVC.. .F...... 0,0-1440,3088 #7f0900ee app:id/webview aid=1073741824}, caller=android.view.ViewGroup.setRequestedFrameRate:9952 WV.rf.p:1 WV.rg.h:118 WV.rg.onDraw:7 com.android.webview.chromium.WebViewChromium.onDraw:19 
02-26 16:52:36.224 19104 19104 I View    : setRequestedFrameRate frameRate=-4.0, this=com.getcapacitor.CapacitorWebView{dce823f VFEDHVC.. .F...... 0,0-1440,3088 #7f0900ee app:id/webview aid=1073741824}, caller=android.view.ViewGroup.setRequestedFrameRate:9952 WV.rf.p:1 WV.rg.h:118 WV.rg.onDraw:7 com.android.webview.chromium.WebViewChromium.onDraw:19 
02-26 16:52:36.232 19104 19104 I View    : setRequestedFrameRate frameRate=-4.0, this=com.getcapacitor.CapacitorWebView{dce823f VFEDHVC.. .F...... 0,0-1440,3088 #7f0900ee app:id/webview aid=1073741824}, caller=android.view.ViewGroup.setRequestedFrameRate:9952 WV.rf.p:1 WV.rg.h:118 WV.rg.onDraw:7 com.android.webview.chromium.WebViewChromium.onDraw:19 
02-26 16:52:36.240 19104 19104 I View    : setRequestedFrameRate frameRate=-4.0, this=com.getcapacitor.CapacitorWebView{dce823f VFEDHVC.. .F...... 0,0-1440,3088 #7f0900ee app:id/webview aid=1073741824}, caller=android.view.ViewGroup.setRequestedFrameRate:9952 WV.rf.p:1 WV.rg.h:118 WV.rg.onDraw:7 com.android.webview.chromium.WebViewChromium.onDraw:19 
02-26 16:52:36.249 19104 19104 I View    : setRequestedFrameRate frameRate=-4.0, this=com.getcapacitor.CapacitorWebView{dce823f VFEDHVC.. .F...... 0,0-1440,3088 #7f0900ee app:id/webview aid=1073741824}, caller=android.view.ViewGroup.setRequestedFrameRate:9952 WV.rf.p:1 WV.rg.h:118 WV.rg.onDraw:7 com.android.webview.chromium.WebViewChromium.onDraw:19 
02-26 16:52:36.257 19104 19104 I View    : setRequestedFrameRate frameRate=-4.0, this=com.getcapacitor.CapacitorWebView{dce823f VFEDHVC.. .F...... 0,0-1440,3088 #7f0900ee app:id/webview aid=1073741824}, caller=android.view.ViewGroup.setRequestedFrameRate:9952 WV.rf.p:1 WV.rg.h:118 WV.rg.onDraw:7 com.android.webview.chromium.WebViewChromium.onDraw:19 
02-26 16:52:36.265 19104 19104 I View    : setRequestedFrameRate frameRate=-4.0, this=com.getcapacitor.CapacitorWebView{dce823f VFEDHVC.. .F...... 0,0-1440,3088 #7f0900ee app:id/webview aid=1073741824}, caller=android.view.ViewGroup.setRequestedFrameRate:9952 WV.rf.p:1 WV.rg.h:118 WV.rg.onDraw:7 com.android.webview.chromium.WebViewChromium.onDraw:19 
02-26 16:52:36.274 19104 19104 I View    : setRequestedFrameRate frameRate=-4.0, this=com.getcapacitor.CapacitorWebView{dce823f VFEDHVC.. .F...... 0,0-1440,3088 #7f0900ee app:id/webview aid=1073741824}, caller=android.view.ViewGroup.setRequestedFrameRate:9952 WV.rf.p:1 WV.rg.h:118 WV.rg.onDraw:7 com.android.webview.chromium.WebViewChromium.onDraw:19 
02-26 16:52:36.282 19104 19104 I View    : setRequestedFrameRate frameRate=-4.0, this=com.getcapacitor.CapacitorWebView{dce823f VFEDHVC.. .F...... 0,0-1440,3088 #7f0900ee app:id/webview aid=1073741824}, caller=android.view.ViewGroup.setRequestedFrameRate:9952 WV.rf.p:1 WV.rg.h:118 WV.rg.onDraw:7 com.android.webview.chromium.WebViewChromium.onDraw:19 
02-26 16:52:36.290 19104 19104 I View    : setRequestedFrameRate frameRate=-4.0, this=com.getcapacitor.CapacitorWebView{dce823f VFEDHVC.. .F...... 0,0-1440,3088 #7f0900ee app:id/webview aid=1073741824}, caller=android.view.ViewGroup.setRequestedFrameRate:9952 WV.rf.p:1 WV.rg.h:118 WV.rg.onDraw:7 com.android.webview.chromium.WebViewChromium.onDraw:19 
02-26 16:52:37.012  3490  5342 I NSLocationMonitor: getGPSUsingApps() called
02-26 16:52:37.012  5333 28734 I NSLocationManager_FLP: getGPSUsingApps, No change
02-26 16:52:37.017  1129  1129 D io_stats: !@ Read_top(KB): providers.media(25203) 27968 ch_zygote(19299) 2440 om.bydstats.app(19104) 76
02-26 16:52:37.041  3490  5342 I NSLocationMonitor: getGPSUsingApps() called
02-26 16:52:37.041  5333 28734 I NSLocationManager_FLP: getGPSUsingApps, No change
02-26 16:52:37.048  3490  5342 I NSLocationMonitor: getGPSUsingApps() called
02-26 16:52:37.049  5333 28734 I NSLocationManager_FLP: getGPSUsingApps, No change
02-26 16:52:37.056  3490  5342 D FreecessHandler: freeze app.lawnchair.play(10359) result : 11
02-26 16:52:37.101  3490  6168 D SGM:GameManager: identifyForegroundApp. com.bydstats.app, mCurrentUserId: 0, callerUserId: 0
02-26 16:52:37.102 19299 19340 I PolicyManager: [#CMH#] Is foreground game app: false
02-26 16:52:37.907  1817  1817 I SurfaceFlinger: [com.bydstats.app/com.bydstats.app.MainActivity$_19104#196680] setFrameRateCategory: HighHint
02-26 16:52:37.993 19104 19104 I View    : setRequestedFrameRate frameRate=-4.0, this=com.getcapacitor.CapacitorWebView{dce823f VFEDHVC.. .F...... 0,0-1440,3088 #7f0900ee app:id/webview aid=1073741824}, caller=android.view.ViewGroup.setRequestedFrameRate:9952 WV.rf.p:1 WV.rg.h:118 WV.rg.onDraw:7 com.android.webview.chromium.WebViewChromium.onDraw:19 
02-26 16:52:38.002 19104 19104 I View    : setRequestedFrameRate frameRate=-4.0, this=com.getcapacitor.CapacitorWebView{dce823f VFEDHVC.. .F...... 0,0-1440,3088 #7f0900ee app:id/webview aid=1073741824}, caller=android.view.ViewGroup.setRequestedFrameRate:9952 WV.rf.p:1 WV.rg.h:118 WV.rg.onDraw:7 com.android.webview.chromium.WebViewChromium.onDraw:19 
02-26 16:52:38.110 19104 19104 I View    : setRequestedFrameRate frameRate=-4.0, this=com.getcapacitor.CapacitorWebView{dce823f VFEDHVC.. .F...... 0,0-1440,3088 #7f0900ee app:id/webview aid=1073741824}, caller=android.view.ViewGroup.setRequestedFrameRate:9952 WV.rf.p:1 WV.rg.h:118 WV.rg.onDraw:7 com.android.webview.chromium.WebViewChromium.onDraw:19 
02-26 16:52:38.160 19104 19104 I View    : setRequestedFrameRate frameRate=-4.0, this=com.getcapacitor.CapacitorWebView{dce823f VFEDHVC.. .F...... 0,0-1440,3088 #7f0900ee app:id/webview aid=1073741824}, caller=android.view.ViewGroup.setRequestedFrameRate:9952 WV.rf.p:1 WV.rg.h:118 WV.rg.onDraw:7 com.android.webview.chromium.WebViewChromium.onDraw:19 
02-26 16:52:38.219 19104 19104 I View    : setRequestedFrameRate frameRate=-4.0, this=com.getcapacitor.CapacitorWebView{dce823f VFEDHVC.. .F...... 0,0-1440,3088 #7f0900ee app:id/webview aid=1073741824}, caller=android.view.ViewGroup.setRequestedFrameRate:9952 WV.rf.p:1 WV.rg.h:118 WV.rg.onDraw:7 com.android.webview.chromium.WebViewChromium.onDraw:19 
02-26 16:52:38.251 19104 19104 I View    : setRequestedFrameRate frameRate=-4.0, this=com.getcapacitor.CapacitorWebView{dce823f VFEDHVC.. .F...... 0,0-1440,3088 #7f0900ee app:id/webview aid=1073741824}, caller=android.view.ViewGroup.setRequestedFrameRate:9952 WV.rf.p:1 WV.rg.h:118 WV.rg.onDraw:7 com.android.webview.chromium.WebViewChromium.onDraw:19 
02-26 16:52:38.276  3490  3940 D SemWifiSwitchForIndividualAppsService: TMI window: 2026-02-26 16:52:33 syn=2, rto=0, cwnd=1
02-26 16:52:38.276  3490  3940 D SemWifiSwitchForIndividualAppsService: TMI window: 2026-02-26 16:52:34 syn=2, rto=0, cwnd=1
02-26 16:52:38.276  3490  3940 D SemWifiSwitchForIndividualAppsService: TMI window: 2026-02-26 16:52:35 syn=2, rto=0, cwnd=1
02-26 16:52:38.276  3490  3940 D SemWifiSwitchForIndividualAppsService: TMI window: 2026-02-26 16:52:36 syn=2, rto=0, cwnd=1
02-26 16:52:38.276  3490  3940 D SemWifiSwitchForIndividualAppsService: TMI window: 2026-02-26 16:52:37 syn=2, rto=0, cwnd=1
02-26 16:52:38.553 19104 19104 I View    : setRequestedFrameRate frameRate=-4.0, this=com.getcapacitor.CapacitorWebView{dce823f VFEDHVC.. .F...... 0,0-1440,3088 #7f0900ee app:id/webview aid=1073741824}, caller=android.view.ViewGroup.setRequestedFrameRate:9952 WV.rf.p:1 WV.rg.h:118 WV.rg.onDraw:7 com.android.webview.chromium.WebViewChromium.onDraw:19 
02-26 16:52:38.629  3490  3966 D SemWifiSwitchForIndividualAppsService: isSkipTcpMonitorInfo - result:2
02-26 16:52:39.651  3490  3966 D SemWifiSwitchForIndividualAppsService: isSkipTcpMonitorInfo - result:2
02-26 16:52:40.663  3490  3966 D SemWifiSwitchForIndividualAppsService: isSkipTcpMonitorInfo - result:2
02-26 16:52:40.978  1817  1817 I SurfaceFlinger: [com.bydstats.app/com.bydstats.app.MainActivity$_19104#196680] setFrameRateCategory: NoPreference
02-26 16:52:41.298  3490  3940 D SemWifiSwitchForIndividualAppsService: TMI window: 2026-02-26 16:52:35 syn=2, rto=0, cwnd=1
02-26 16:52:41.299  3490  3940 D SemWifiSwitchForIndividualAppsService: TMI window: 2026-02-26 16:52:36 syn=2, rto=0, cwnd=1
02-26 16:52:41.299  3490  3940 D SemWifiSwitchForIndividualAppsService: TMI window: 2026-02-26 16:52:37 syn=2, rto=0, cwnd=1
02-26 16:52:41.299  3490  3940 D SemWifiSwitchForIndividualAppsService: TMI window: 2026-02-26 16:52:38 syn=2, rto=0, cwnd=1
02-26 16:52:41.299  3490  3940 D SemWifiSwitchForIndividualAppsService: TMI window: 2026-02-26 16:52:39 syn=2, rto=0, cwnd=1
02-26 16:52:41.299  3490  3940 D SemWifiSwitchForIndividualAppsService: TMI window: 2026-02-26 16:52:40 syn=2, rto=0, cwnd=1
02-26 16:52:41.590 29222 29222 D BoundBrokerSvc: onUnbind: Intent { act=com.google.android.gms.inappreach.service.START dat=chimera-action:/... xflg=0x4 cmp=com.google.android.gms/.chimera.GmsApiService }
02-26 16:52:43.024  3490  5342 I NSLocationMonitor: getGPSUsingApps() called
02-26 16:52:43.025  5333 28734 I NSLocationManager_FLP: getGPSUsingApps, No change
02-26 16:52:43.029  3490  5342 W Binder  : 	at android.bluetooth.BluetoothAdapter.getHWUsingApps(BluetoothAdapter.java:1342)
02-26 16:52:43.045  3490  5342 I NSLocationMonitor: getGPSUsingApps() called
02-26 16:52:43.045  5333 28734 I NSLocationManager_FLP: getGPSUsingApps, No change
02-26 16:52:43.056  3490  5342 I NSLocationMonitor: getGPSUsingApps() called
02-26 16:52:43.056  5333 28734 I NSLocationManager_FLP: getGPSUsingApps, No change
02-26 16:52:43.063  3490  5342 D FreecessHandler: freeze app.lawnchair.play(10359) result : 11
